

================================================================
== Vivado HLS Report for 'kernel_fdtd_2d'
================================================================
* Date:           Fri Aug 31 22:12:03 2018

* Version:        2018.2 (Build 2258646 on Thu Jun 14 20:25:20 MDT 2018)
* Project:        fir_prj
* Solution:       classic
* Product family: kintex7
* Target device:  xc7k160tfbg484-1


================================================================
== Performance Estimates
================================================================
+ Timing (ns): 
    * Summary: 
    +--------+-------+----------+------------+
    |  Clock | Target| Estimated| Uncertainty|
    +--------+-------+----------+------------+
    |ap_clk  |   2.50|     2.122|        0.31|
    +--------+-------+----------+------------+

+ Latency (clock cycles): 
    * Summary: 
    +------------+------------+------------+------------+---------+
    |         Latency         |         Interval        | Pipeline|
    |     min    |     max    |     min    |     max    |   Type  |
    +------------+------------+------------+------------+---------+
    |  9437403751|  9437403751|  9437403751|  9437403751|   none  |
    +------------+------------+------------+------------+---------+

    + Detail: 
        * Instance: 
        N/A

        * Loop: 
        +-----------------+------------+------------+-----------+-----------+-----------+------+----------+
        |                 |         Latency         | Iteration |  Initiation Interval  | Trip |          |
        |    Loop Name    |     min    |     max    |  Latency  |  achieved |   target  | Count| Pipelined|
        +-----------------+------------+------------+-----------+-----------+-----------+------+----------+
        |- Loop 1         |  9437403750|  9437403750|  188748075|          -|          -|    50|    no    |
        | + Loop 1.1      |        5000|        5000|          5|          -|          -|  1000|    no    |
        | + Loop 1.2      |    52952994|    52952994|      53006|          -|          -|   999|    no    |
        |  ++ Loop 1.2.1  |       53000|       53000|         53|          -|          -|  1000|    no    |
        | + Loop 1.3      |    53948000|    53948000|      53948|          -|          -|  1000|    no    |
        |  ++ Loop 1.3.1  |       53946|       53946|         54|          -|          -|   999|    no    |
        | + Loop 1.4      |    81842076|    81842076|      81924|          -|          -|   999|    no    |
        |  ++ Loop 1.4.1  |       81918|       81918|         82|          -|          -|   999|    no    |
        +-----------------+------------+------------+-----------+-----------+-----------+------+----------+



================================================================
== Utilization Estimates
================================================================
* Summary: 
+-----------------+---------+-------+--------+--------+
|       Name      | BRAM_18K| DSP48E|   FF   |   LUT  |
+-----------------+---------+-------+--------+--------+
|DSP              |        -|      3|       -|       -|
|Expression       |        -|      -|       0|     513|
|FIFO             |        -|      -|       -|       -|
|Instance         |        -|     11|    1838|    1143|
|Memory           |        -|      -|       -|       -|
|Multiplexer      |        -|      -|       -|    1170|
|Register         |        -|      -|    1247|       -|
+-----------------+---------+-------+--------+--------+
|Total            |        0|     14|    3085|    2826|
+-----------------+---------+-------+--------+--------+
|Available        |      650|    600|  202800|  101400|
+-----------------+---------+-------+--------+--------+
|Utilization (%)  |        0|      2|       1|       2|
+-----------------+---------+-------+--------+--------+

+ Detail: 
    * Instance: 
    +-------------------------+----------------------+---------+-------+------+-----+
    |         Instance        |        Module        | BRAM_18K| DSP48E|  FF  | LUT |
    +-------------------------+----------------------+---------+-------+------+-----+
    |kernel_fdtd_2d_dabkb_U1  |kernel_fdtd_2d_dabkb  |        0|      0|  1225|  821|
    |kernel_fdtd_2d_dmcud_U2  |kernel_fdtd_2d_dmcud  |        0|     11|   613|  322|
    +-------------------------+----------------------+---------+-------+------+-----+
    |Total                    |                      |        0|     11|  1838| 1143|
    +-------------------------+----------------------+---------+-------+------+-----+

    * DSP48: 
    +-------------------------+----------------------+-----------+
    |         Instance        |        Module        | Expression|
    +-------------------------+----------------------+-----------+
    |kernel_fdtd_2d_mudEe_U3  |kernel_fdtd_2d_mudEe  |  i0 * i1  |
    |kernel_fdtd_2d_mudEe_U4  |kernel_fdtd_2d_mudEe  |  i0 * i1  |
    |kernel_fdtd_2d_mudEe_U5  |kernel_fdtd_2d_mudEe  |  i0 * i1  |
    +-------------------------+----------------------+-----------+

    * Memory: 
    N/A

    * FIFO: 
    N/A

    * Expression: 
    +---------------------+----------+-------+---+----+------------+------------+
    |    Variable Name    | Operation| DSP48E| FF| LUT| Bitwidth P0| Bitwidth P1|
    +---------------------+----------+-------+---+----+------------+------------+
    |i_3_fu_422_p2        |     +    |      0|  0|  17|          10|           1|
    |i_4_fu_513_p2        |     +    |      0|  0|  17|          10|           1|
    |i_5_fu_449_p2        |     +    |      0|  0|  17|          10|           1|
    |j_4_fu_366_p2        |     +    |      0|  0|  17|          10|           1|
    |j_5_fu_402_p2        |     +    |      0|  0|  17|          10|           1|
    |j_6_fu_486_p2        |     +    |      0|  0|  17|          10|           1|
    |j_7_fu_528_p2        |     +    |      0|  0|  17|          10|           1|
    |next_mul2_fu_501_p2  |     +    |      0|  0|  27|          20|          10|
    |next_mul_fu_437_p2   |     +    |      0|  0|  27|          20|          10|
    |t_1_fu_349_p2        |     +    |      0|  0|  15|           6|           1|
    |tmp_10_fu_471_p2     |     +    |      0|  0|  27|          20|          20|
    |tmp_11_fu_461_p2     |     +    |      0|  0|  17|          10|           2|
    |tmp_12_fu_480_p2     |     +    |      0|  0|  27|          20|          20|
    |tmp_16_fu_538_p2     |     +    |      0|  0|  27|          20|          20|
    |tmp_17_fu_544_p2     |     +    |      0|  0|  27|          20|          20|
    |tmp_18_fu_552_p2     |     +    |      0|  0|  27|          20|          20|
    |tmp_4_fu_383_p2      |     +    |      0|  0|  17|          10|           2|
    |tmp_6_fu_412_p2      |     +    |      0|  0|  27|          20|          20|
    |tmp_7_fu_417_p2      |     +    |      0|  0|  27|          20|          20|
    |exitcond1_fu_507_p2  |   icmp   |      0|  0|  13|          10|           6|
    |exitcond2_fu_455_p2  |   icmp   |      0|  0|  13|          10|           6|
    |exitcond3_fu_443_p2  |   icmp   |      0|  0|  13|          10|           6|
    |exitcond4_fu_396_p2  |   icmp   |      0|  0|  13|          10|           6|
    |exitcond5_fu_377_p2  |   icmp   |      0|  0|  13|          10|           6|
    |exitcond6_fu_360_p2  |   icmp   |      0|  0|  13|          10|           6|
    |exitcond7_fu_343_p2  |   icmp   |      0|  0|  11|           6|           5|
    |exitcond_fu_522_p2   |   icmp   |      0|  0|  13|          10|           6|
    +---------------------+----------+-------+---+----+------------+------------+
    |Total                |          |      0|  0| 513|         352|         219|
    +---------------------+----------+-------+---+----+------------+------------+

    * Multiplexer: 
    +-------------------+-----+-----------+-----+-----------+
    |        Name       | LUT | Input Size| Bits| Total Bits|
    +-------------------+-----+-----------+-----+-----------+
    |ap_NS_fsm          |  897|        208|    1|        208|
    |ex_address0        |   15|          3|   20|         60|
    |ey_address0        |   27|          5|   20|        100|
    |ey_d0              |   15|          3|   64|        192|
    |grp_fu_298_opcode  |   15|          3|    2|          6|
    |grp_fu_298_p0      |   27|          5|   64|        320|
    |grp_fu_298_p1      |   27|          5|   64|        320|
    |grp_fu_302_p1      |   15|          3|   64|        192|
    |hz_address0        |   21|          4|   20|         80|
    |hz_address1        |   21|          4|   20|         80|
    |i_1_reg_228        |    9|          2|   10|         20|
    |i_2_reg_263        |    9|          2|   10|         20|
    |i_reg_205          |    9|          2|   10|         20|
    |j_1_reg_217        |    9|          2|   10|         20|
    |j_2_reg_251        |    9|          2|   10|         20|
    |j_3_reg_286        |    9|          2|   10|         20|
    |j_reg_193          |    9|          2|   10|         20|
    |phi_mul1_reg_274   |    9|          2|   20|         40|
    |phi_mul_reg_239    |    9|          2|   20|         40|
    |t_reg_182          |    9|          2|    6|         12|
    +-------------------+-----+-----------+-----+-----------+
    |Total              | 1170|        263|  455|       1790|
    +-------------------+-----+-----------+-----+-----------+

    * Register: 
    +---------------------+-----+----+-----+-----------+
    |         Name        |  FF | LUT| Bits| Const Bits|
    +---------------------+-----+----+-----+-----------+
    |ap_CS_fsm            |  207|   0|  207|          0|
    |ex_addr_reg_721      |   20|   0|   20|          0|
    |ex_load_2_reg_800    |   64|   0|   64|          0|
    |ey_addr_1_reg_670    |   20|   0|   20|          0|
    |hz_addr_4_reg_815    |   20|   0|   20|          0|
    |i_1_reg_228          |   10|   0|   10|          0|
    |i_2_reg_263          |   10|   0|   10|          0|
    |i_4_reg_744          |   10|   0|   10|          0|
    |i_5_reg_693          |   10|   0|   10|          0|
    |i_reg_205            |   10|   0|   10|          0|
    |j_1_reg_217          |   10|   0|   10|          0|
    |j_2_reg_251          |   10|   0|   10|          0|
    |j_3_reg_286          |   10|   0|   10|          0|
    |j_4_reg_604          |   10|   0|   10|          0|
    |j_5_reg_650          |   10|   0|   10|          0|
    |j_6_reg_716          |   10|   0|   10|          0|
    |j_7_reg_763          |   10|   0|   10|          0|
    |j_reg_193            |   10|   0|   10|          0|
    |next_mul2_reg_736    |   20|   0|   20|          0|
    |next_mul_reg_685     |   20|   0|   20|          0|
    |p_fict_addr_reg_596  |    6|   0|    6|          0|
    |p_fict_load_reg_609  |   64|   0|   64|          0|
    |phi_mul1_reg_274     |   20|   0|   20|          0|
    |phi_mul_reg_239      |   20|   0|   20|          0|
    |reg_308              |   64|   0|   64|          0|
    |reg_313              |   64|   0|   64|          0|
    |reg_318              |   64|   0|   64|          0|
    |reg_327              |   64|   0|   64|          0|
    |reg_333              |   64|   0|   64|          0|
    |reg_338              |   64|   0|   64|          0|
    |t_1_reg_591          |    6|   0|    6|          0|
    |t_reg_182            |    6|   0|    6|          0|
    |tmp_10_reg_706       |   20|   0|   20|          0|
    |tmp_11_reg_701       |   10|   0|   10|          0|
    |tmp_12_reg_711       |   20|   0|   20|          0|
    |tmp_16_reg_769       |   20|   0|   20|          0|
    |tmp_17_reg_774       |   20|   0|   20|          0|
    |tmp_18_reg_779       |   20|   0|   20|          0|
    |tmp_33_cast_reg_784  |   20|   0|   64|         44|
    |tmp_3_reg_637        |   20|   0|   20|          0|
    |tmp_4_reg_622        |   10|   0|   10|          0|
    |tmp_5_reg_642        |   20|   0|   20|          0|
    |tmp_6_reg_655        |   20|   0|   20|          0|
    |tmp_7_reg_660        |   20|   0|   20|          0|
    |tmp_8_reg_755        |   20|   0|   20|          0|
    +---------------------+-----+----+-----+-----------+
    |Total                | 1247|   0| 1291|         44|
    +---------------------+-----+----+-----+-----------+



================================================================
== Interface
================================================================
* Summary: 
+-------------------+-----+-----+------------+----------------+--------------+
|     RTL Ports     | Dir | Bits|  Protocol  |  Source Object |    C Type    |
+-------------------+-----+-----+------------+----------------+--------------+
|ap_clk             |  in |    1| ap_ctrl_hs | kernel_fdtd_2d | return value |
|ap_rst             |  in |    1| ap_ctrl_hs | kernel_fdtd_2d | return value |
|ap_start           |  in |    1| ap_ctrl_hs | kernel_fdtd_2d | return value |
|ap_done            | out |    1| ap_ctrl_hs | kernel_fdtd_2d | return value |
|ap_idle            | out |    1| ap_ctrl_hs | kernel_fdtd_2d | return value |
|ap_ready           | out |    1| ap_ctrl_hs | kernel_fdtd_2d | return value |
|tmax               |  in |   32|   ap_none  |      tmax      |    scalar    |
|nx                 |  in |   32|   ap_none  |       nx       |    scalar    |
|ny                 |  in |   32|   ap_none  |       ny       |    scalar    |
|ex_address0        | out |   20|  ap_memory |       ex       |     array    |
|ex_ce0             | out |    1|  ap_memory |       ex       |     array    |
|ex_we0             | out |    1|  ap_memory |       ex       |     array    |
|ex_d0              | out |   64|  ap_memory |       ex       |     array    |
|ex_q0              |  in |   64|  ap_memory |       ex       |     array    |
|ex_address1        | out |   20|  ap_memory |       ex       |     array    |
|ex_ce1             | out |    1|  ap_memory |       ex       |     array    |
|ex_q1              |  in |   64|  ap_memory |       ex       |     array    |
|ey_address0        | out |   20|  ap_memory |       ey       |     array    |
|ey_ce0             | out |    1|  ap_memory |       ey       |     array    |
|ey_we0             | out |    1|  ap_memory |       ey       |     array    |
|ey_d0              | out |   64|  ap_memory |       ey       |     array    |
|ey_q0              |  in |   64|  ap_memory |       ey       |     array    |
|hz_address0        | out |   20|  ap_memory |       hz       |     array    |
|hz_ce0             | out |    1|  ap_memory |       hz       |     array    |
|hz_q0              |  in |   64|  ap_memory |       hz       |     array    |
|hz_address1        | out |   20|  ap_memory |       hz       |     array    |
|hz_ce1             | out |    1|  ap_memory |       hz       |     array    |
|hz_we1             | out |    1|  ap_memory |       hz       |     array    |
|hz_d1              | out |   64|  ap_memory |       hz       |     array    |
|hz_q1              |  in |   64|  ap_memory |       hz       |     array    |
|p_fict_s_address0  | out |    6|  ap_memory |    p_fict_s    |     array    |
|p_fict_s_ce0       | out |    1|  ap_memory |    p_fict_s    |     array    |
|p_fict_s_q0        |  in |   64|  ap_memory |    p_fict_s    |     array    |
+-------------------+-----+-----+------------+----------------+--------------+

