

================================================================
== Vivado HLS Report for 'kernel_jacobi_1d_imper'
================================================================
* Date:           Fri Aug 31 20:38:53 2018

* Version:        2018.2 (Build 2258646 on Thu Jun 14 20:25:20 MDT 2018)
* Project:        fir_prj
* Solution:       classic
* Product family: kintex7
* Target device:  xc7k160tfbg484-1


================================================================
== Performance Estimates
================================================================
+ Timing (ns): 
    * Summary: 
    +--------+-------+----------+------------+
    |  Clock | Target| Estimated| Uncertainty|
    +--------+-------+----------+------------+
    |ap_clk  |   2.50|     3.171|        0.31|
    +--------+-------+----------+------------+

+ Latency (clock cycles): 
    * Summary: 
    +----------+----------+----------+----------+---------+
    |       Latency       |       Interval      | Pipeline|
    |    min   |    max   |    min   |    max   |   Type  |
    +----------+----------+----------+----------+---------+
    |  95981101|  95981101|  95981101|  95981101|   none  |
    +----------+----------+----------+----------+---------+

    + Detail: 
        * Instance: 
        N/A

        * Loop: 
        +-------------+----------+----------+----------+-----------+-----------+------+----------+
        |             |       Latency       | Iteration|  Initiation Interval  | Trip |          |
        |  Loop Name  |    min   |    max   |  Latency |  achieved |   target  | Count| Pipelined|
        +-------------+----------+----------+----------+-----------+-----------+------+----------+
        |- Loop 1     |  95981100|  95981100|    959811|          -|          -|   100|    no    |
        | + Loop 1.1  |    919816|    919816|        92|          -|          -|  9998|    no    |
        | + Loop 1.2  |     39992|     39992|         4|          -|          -|  9998|    no    |
        +-------------+----------+----------+----------+-----------+-----------+------+----------+



================================================================
== Utilization Estimates
================================================================
* Summary: 
+-----------------+---------+-------+--------+--------+
|       Name      | BRAM_18K| DSP48E|   FF   |   LUT  |
+-----------------+---------+-------+--------+--------+
|DSP              |        -|      -|       -|       -|
|Expression       |        -|      -|       0|     115|
|FIFO             |        -|      -|       -|       -|
|Instance         |        -|      0|    7385|    4345|
|Memory           |        -|      -|       -|       -|
|Multiplexer      |        -|      -|       -|     539|
|Register         |        -|      -|     530|       -|
+-----------------+---------+-------+--------+--------+
|Total            |        0|      0|    7915|    4999|
+-----------------+---------+-------+--------+--------+
|Available        |      650|    600|  202800|  101400|
+-----------------+---------+-------+--------+--------+
|Utilization (%)  |        0|      0|       3|       4|
+-----------------+---------+-------+--------+--------+

+ Detail: 
    * Instance: 
    +-------------------------+----------------------+---------+-------+------+------+
    |         Instance        |        Module        | BRAM_18K| DSP48E|  FF  |  LUT |
    +-------------------------+----------------------+---------+-------+------+------+
    |kernel_jacobi_1d_bkb_U1  |kernel_jacobi_1d_bkb  |        0|      0|  1225|   821|
    |kernel_jacobi_1d_cud_U2  |kernel_jacobi_1d_cud  |        0|      0|  6160|  3524|
    +-------------------------+----------------------+---------+-------+------+------+
    |Total                    |                      |        0|      0|  7385|  4345|
    +-------------------------+----------------------+---------+-------+------+------+

    * DSP48: 
    N/A

    * Memory: 
    N/A

    * FIFO: 
    N/A

    * Expression: 
    +---------------------+----------+-------+---+----+------------+------------+
    |    Variable Name    | Operation| DSP48E| FF| LUT| Bitwidth P0| Bitwidth P1|
    +---------------------+----------+-------+---+----+------------+------------+
    |i_1_fu_186_p2        |     +    |      0|  0|  21|          14|           1|
    |j_1_fu_207_p2        |     +    |      0|  0|  21|          14|           1|
    |t_1_fu_159_p2        |     +    |      0|  0|  15|           7|           1|
    |tmp_fu_171_p2        |     +    |      0|  0|  21|          14|           2|
    |exitcond1_fu_165_p2  |   icmp   |      0|  0|  13|          14|          14|
    |exitcond2_fu_153_p2  |   icmp   |      0|  0|  11|           7|           6|
    |exitcond_fu_196_p2   |   icmp   |      0|  0|  13|          14|          14|
    +---------------------+----------+-------+---+----+------------+------------+
    |Total                |          |      0|  0| 115|          84|          39|
    +---------------------+----------+-------+---+----+------------+------------+

    * Multiplexer: 
    +---------------+-----+-----------+-----+-----------+
    |      Name     | LUT | Input Size| Bits| Total Bits|
    +---------------+-----+-----------+-----+-----------+
    |A_address0     |   15|          3|   14|         42|
    |A_address1     |   15|          3|   14|         42|
    |B_address0     |   15|          3|   14|         42|
    |ap_NS_fsm      |  437|         99|    1|         99|
    |grp_fu_132_p0  |   15|          3|   64|        192|
    |grp_fu_132_p1  |   15|          3|   64|        192|
    |i_reg_109      |    9|          2|   14|         28|
    |j_reg_121      |    9|          2|   14|         28|
    |t_reg_98       |    9|          2|    7|         14|
    +---------------+-----+-----------+-----+-----------+
    |Total          |  539|        120|  206|        679|
    +---------------+-----+-----------+-----+-----------+

    * Register: 
    +------------------+----+----+-----+-----------+
    |       Name       | FF | LUT| Bits| Const Bits|
    +------------------+----+----+-----+-----------+
    |A_load_1_reg_244  |  64|   0|   64|          0|
    |B_load_reg_283    |  64|   0|   64|          0|
    |ap_CS_fsm         |  98|   0|   98|          0|
    |i_1_reg_249       |  14|   0|   14|          0|
    |i_reg_109         |  14|   0|   14|          0|
    |j_1_reg_278       |  14|   0|   14|          0|
    |j_reg_121         |  14|   0|   14|          0|
    |reg_141           |  64|   0|   64|          0|
    |reg_147           |  64|   0|   64|          0|
    |t_1_reg_216       |   7|   0|    7|          0|
    |t_reg_98          |   7|   0|    7|          0|
    |tmp_2_reg_234     |  14|   0|   64|         50|
    |tmp_7_reg_260     |  64|   0|   64|          0|
    |tmp_9_reg_268     |  14|   0|   64|         50|
    |tmp_reg_224       |  14|   0|   14|          0|
    +------------------+----+----+-----+-----------+
    |Total             | 530|   0|  630|        100|
    +------------------+----+----+-----+-----------+



================================================================
== Interface
================================================================
* Summary: 
+------------+-----+-----+------------+------------------------+--------------+
|  RTL Ports | Dir | Bits|  Protocol  |      Source Object     |    C Type    |
+------------+-----+-----+------------+------------------------+--------------+
|ap_clk      |  in |    1| ap_ctrl_hs | kernel_jacobi_1d_imper | return value |
|ap_rst      |  in |    1| ap_ctrl_hs | kernel_jacobi_1d_imper | return value |
|ap_start    |  in |    1| ap_ctrl_hs | kernel_jacobi_1d_imper | return value |
|ap_done     | out |    1| ap_ctrl_hs | kernel_jacobi_1d_imper | return value |
|ap_idle     | out |    1| ap_ctrl_hs | kernel_jacobi_1d_imper | return value |
|ap_ready    | out |    1| ap_ctrl_hs | kernel_jacobi_1d_imper | return value |
|tsteps      |  in |   32|   ap_none  |         tsteps         |    scalar    |
|n           |  in |   32|   ap_none  |            n           |    scalar    |
|A_address0  | out |   14|  ap_memory |            A           |     array    |
|A_ce0       | out |    1|  ap_memory |            A           |     array    |
|A_q0        |  in |   64|  ap_memory |            A           |     array    |
|A_address1  | out |   14|  ap_memory |            A           |     array    |
|A_ce1       | out |    1|  ap_memory |            A           |     array    |
|A_we1       | out |    1|  ap_memory |            A           |     array    |
|A_d1        | out |   64|  ap_memory |            A           |     array    |
|A_q1        |  in |   64|  ap_memory |            A           |     array    |
|B_address0  | out |   14|  ap_memory |            B           |     array    |
|B_ce0       | out |    1|  ap_memory |            B           |     array    |
|B_we0       | out |    1|  ap_memory |            B           |     array    |
|B_d0        | out |   64|  ap_memory |            B           |     array    |
|B_q0        |  in |   64|  ap_memory |            B           |     array    |
+------------+-----+-----+------------+------------------------+--------------+

