

================================================================
== Vivado HLS Report for 'operator_double_div5'
================================================================
* Date:           Wed Aug 22 14:45:33 2018

* Version:        2018.2 (Build 2258646 on Thu Jun 14 20:25:20 MDT 2018)
* Project:        fir_prj
* Solution:       my_version
* Product family: kintex7
* Target device:  xc7k160tfbg484-1


================================================================
== Performance Estimates
================================================================
+ Timing (ns): 
    * Summary: 
    +--------+-------+----------+------------+
    |  Clock | Target| Estimated| Uncertainty|
    +--------+-------+----------+------------+
    |ap_clk  |  10.00|    41.410|        1.25|
    +--------+-------+----------+------------+

+ Latency (clock cycles): 
    * Summary: 
    +-----+-----+-----+-----+---------+
    |  Latency  |  Interval | Pipeline|
    | min | max | min | max |   Type  |
    +-----+-----+-----+-----+---------+
    |    1|    1|    1|    1|   none  |
    +-----+-----+-----+-----+---------+

    + Detail: 
        * Instance: 
        N/A

        * Loop: 
        N/A

============================================================
+ Verbose Summary: Synthesis Manager
============================================================
InlineROM: 1
ExposeGlobal: 0
============================================================
+ Verbose Summary: CDFG Model
============================================================
IsTopModel: 0
ResetActiveHigh: 1
IsCombinational: 0
IsDatapathOnly: 0
HasWiredReturn: 1
HasMFsm: 0
HasVarLatency: 1
IsPipeline: 0
IsRtlPipelined: 0
IsInstanceOverlapped: 0
IsDontTouch: 0
HasImplIP: 0
IsGatedGlobalClock: 0


============================================================
+ Verbose Summary: Schedule
============================================================
* Number of FSM states : 2
* Pipeline : 0
* Dataflow Pipeline: 0

* FSM state transitions: 
1 --> 
	2  / true
2 --> 

* FSM state operations: 

State 1 <SV = 0> <Delay = 36.1>
ST_1 : Operation 3 [1/1] (0.00ns)   --->   "%in_read = call double @_ssdm_op_Read.ap_auto.double(double %in_r) nounwind"   --->   Operation 3 'read' 'in_read' <Predicate = true> <Delay = 0.00>
ST_1 : Operation 4 [1/1] (0.00ns)   --->   "call void (...)* @_ssdm_op_SpecLatency(i32 0, i32 1, [1 x i8]* @p_str1) nounwind" [jacobi-2d-imper.cpp:1332]   --->   Operation 4 'speclatency' <Predicate = true> <Delay = 0.00>
ST_1 : Operation 5 [1/1] (0.00ns)   --->   "%p_Val2_s = bitcast double %in_read to i64" [jacobi-2d-imper.cpp:54->jacobi-2d-imper.cpp:1344]   --->   Operation 5 'bitcast' 'p_Val2_s' <Predicate = true> <Delay = 0.00>
ST_1 : Operation 6 [1/1] (0.00ns)   --->   "%p_Repl2_2 = call i1 @_ssdm_op_BitSelect.i1.i64.i32(i64 %p_Val2_s, i32 63)" [jacobi-2d-imper.cpp:55->jacobi-2d-imper.cpp:1344]   --->   Operation 6 'bitselect' 'p_Repl2_2' <Predicate = true> <Delay = 0.00>
ST_1 : Operation 7 [1/1] (0.00ns)   --->   "%new_exp_V = call i11 @_ssdm_op_PartSelect.i11.i64.i32.i32(i64 %p_Val2_s, i32 52, i32 62) nounwind" [jacobi-2d-imper.cpp:56->jacobi-2d-imper.cpp:1344]   --->   Operation 7 'partselect' 'new_exp_V' <Predicate = true> <Delay = 0.00>
ST_1 : Operation 8 [1/1] (0.00ns)   --->   "%new_mant_V = trunc i64 %p_Val2_s to i52" [jacobi-2d-imper.cpp:57->jacobi-2d-imper.cpp:1344]   --->   Operation 8 'trunc' 'new_mant_V' <Predicate = true> <Delay = 0.00>
ST_1 : Operation 9 [1/1] (0.00ns)   --->   "%xf_V_5_cast = zext i52 %new_mant_V to i53" [jacobi-2d-imper.cpp:1349]   --->   Operation 9 'zext' 'xf_V_5_cast' <Predicate = true> <Delay = 0.00>
ST_1 : Operation 10 [1/1] (0.00ns)   --->   "%tmp = call i2 @_ssdm_op_PartSelect.i2.i64.i32.i32(i64 %p_Val2_s, i32 50, i32 51)" [jacobi-2d-imper.cpp:1350]   --->   Operation 10 'partselect' 'tmp' <Predicate = true> <Delay = 0.00>
ST_1 : Operation 11 [1/1] (0.64ns)   --->   "%icmp = icmp eq i2 %tmp, 0" [jacobi-2d-imper.cpp:1350]   --->   Operation 11 'icmp' 'icmp' <Predicate = true> <Delay = 0.64> <Core = "Cmp">   --->   Core 25 'Cmp' <Latency = 0> <II = 1> <Delay = 1.29> <FuncUnit> <Opcode : 'icmp'> <InPorts = 2> <OutPorts = 1>
ST_1 : Operation 12 [1/1] (0.65ns)   --->   "%shift_V_cast_cast = select i1 %icmp, i11 3, i11 2" [jacobi-2d-imper.cpp:1350]   --->   Operation 12 'select' 'shift_V_cast_cast' <Predicate = true> <Delay = 0.65> <Core = "Sel">   --->   Core 26 'Sel' <Latency = 0> <II = 1> <Delay = 0.68> <FuncUnit> <Opcode : 'select'> <InPorts = 3> <OutPorts = 1>
ST_1 : Operation 13 [1/1] (1.32ns)   --->   "%tmp_1 = icmp eq i11 %new_exp_V, -1" [jacobi-2d-imper.cpp:1352]   --->   Operation 13 'icmp' 'tmp_1' <Predicate = true> <Delay = 1.32> <Core = "Cmp">   --->   Core 25 'Cmp' <Latency = 0> <II = 1> <Delay = 1.29> <FuncUnit> <Opcode : 'icmp'> <InPorts = 2> <OutPorts = 1>
ST_1 : Operation 14 [1/1] (1.32ns)   --->   "%tmp_2 = icmp ugt i11 %shift_V_cast_cast, %new_exp_V" [jacobi-2d-imper.cpp:1353]   --->   Operation 14 'icmp' 'tmp_2' <Predicate = true> <Delay = 1.32> <Core = "Cmp">   --->   Core 25 'Cmp' <Latency = 0> <II = 1> <Delay = 1.29> <FuncUnit> <Opcode : 'icmp'> <InPorts = 2> <OutPorts = 1>
ST_1 : Operation 15 [1/1] (1.42ns)   --->   "%new_exp_V_1 = sub i11 %new_exp_V, %shift_V_cast_cast" [jacobi-2d-imper.cpp:1356]   --->   Operation 15 'sub' 'new_exp_V_1' <Predicate = true> <Delay = 1.42> <Core = "AddSub">   --->   Core 14 'AddSub' <Latency = 0> <II = 1> <Delay = 1.88> <FuncUnit> <Opcode : 'add' 'sub'> <InPorts = 2> <OutPorts = 1>
ST_1 : Operation 16 [1/1] (0.00ns) (grouped into LUT with out node p_Repl2_1)   --->   "%p_new_exp_V_1 = select i1 %tmp_1, i11 -1, i11 0" [jacobi-2d-imper.cpp:1325->jacobi-2d-imper.cpp:1377]   --->   Operation 16 'select' 'p_new_exp_V_1' <Predicate = true> <Delay = 0.00> <Core = "Sel">   --->   Core 26 'Sel' <Latency = 0> <II = 1> <Delay = 0.68> <FuncUnit> <Opcode : 'select'> <InPorts = 3> <OutPorts = 1>
ST_1 : Operation 17 [1/1] (0.00ns) (grouped into LUT with out node p_Repl2_1)   --->   "%tmp_7 = or i1 %tmp_1, %tmp_2" [jacobi-2d-imper.cpp:1325->jacobi-2d-imper.cpp:1377]   --->   Operation 17 'or' 'tmp_7' <Predicate = true> <Delay = 0.00> <Core = "LogicGate">   --->   Core 27 'LogicGate' <Latency = 0> <II = 1> <Delay = 0.61> <FuncUnit> <Opcode : 'and' 'or' 'xor'> <InPorts = 2> <OutPorts = 1>
ST_1 : Operation 18 [1/1] (0.63ns) (out node of the LUT)   --->   "%p_Repl2_1 = select i1 %tmp_7, i11 %p_new_exp_V_1, i11 %new_exp_V_1" [jacobi-2d-imper.cpp:1325->jacobi-2d-imper.cpp:1377]   --->   Operation 18 'select' 'p_Repl2_1' <Predicate = true> <Delay = 0.63> <Core = "Sel">   --->   Core 26 'Sel' <Latency = 0> <II = 1> <Delay = 0.68> <FuncUnit> <Opcode : 'select'> <InPorts = 3> <OutPorts = 1>
ST_1 : Operation 19 [1/1] (1.06ns)   --->   "br i1 %tmp_1, label %._crit_edge416, label %_ifconv1" [jacobi-2d-imper.cpp:1357]   --->   Operation 19 'br' <Predicate = true> <Delay = 1.06>
ST_1 : Operation 20 [1/1] (1.32ns)   --->   "%tmp_4 = icmp eq i11 %new_exp_V, 0" [jacobi-2d-imper.cpp:1358]   --->   Operation 20 'icmp' 'tmp_4' <Predicate = (!tmp_1)> <Delay = 1.32> <Core = "Cmp">   --->   Core 25 'Cmp' <Latency = 0> <II = 1> <Delay = 1.29> <FuncUnit> <Opcode : 'icmp'> <InPorts = 2> <OutPorts = 1>
ST_1 : Operation 21 [1/1] (1.32ns)   --->   "%tmp_5 = icmp ult i11 %shift_V_cast_cast, %new_exp_V" [jacobi-2d-imper.cpp:1361]   --->   Operation 21 'icmp' 'tmp_5' <Predicate = (!tmp_1)> <Delay = 1.32> <Core = "Cmp">   --->   Core 25 'Cmp' <Latency = 0> <II = 1> <Delay = 1.29> <FuncUnit> <Opcode : 'icmp'> <InPorts = 2> <OutPorts = 1>
ST_1 : Operation 22 [1/1] (0.00ns)   --->   "%tmp_8 = call i10 @_ssdm_op_PartSelect.i10.i64.i32.i32(i64 %p_Val2_s, i32 53, i32 62)" [jacobi-2d-imper.cpp:1362]   --->   Operation 22 'partselect' 'tmp_8' <Predicate = (!tmp_1)> <Delay = 0.00>
ST_1 : Operation 23 [1/1] (1.29ns)   --->   "%icmp4 = icmp eq i10 %tmp_8, 0" [jacobi-2d-imper.cpp:1362]   --->   Operation 23 'icmp' 'icmp4' <Predicate = (!tmp_1)> <Delay = 1.29> <Core = "Cmp">   --->   Core 25 'Cmp' <Latency = 0> <II = 1> <Delay = 1.29> <FuncUnit> <Opcode : 'icmp'> <InPorts = 2> <OutPorts = 1>
ST_1 : Operation 24 [1/1] (1.42ns)   --->   "%shift_V = sub i11 1, %new_exp_V" [jacobi-2d-imper.cpp:1363]   --->   Operation 24 'sub' 'shift_V' <Predicate = (!tmp_1)> <Delay = 1.42> <Core = "AddSub">   --->   Core 14 'AddSub' <Latency = 0> <II = 1> <Delay = 1.88> <FuncUnit> <Opcode : 'add' 'sub'> <InPorts = 2> <OutPorts = 1>
ST_1 : Operation 25 [1/1] (1.42ns)   --->   "%shift_V_1 = add i11 -1, %new_exp_V" [jacobi-2d-imper.cpp:1365]   --->   Operation 25 'add' 'shift_V_1' <Predicate = (!tmp_1)> <Delay = 1.42> <Core = "AddSub">   --->   Core 14 'AddSub' <Latency = 0> <II = 1> <Delay = 1.88> <FuncUnit> <Opcode : 'add' 'sub'> <InPorts = 2> <OutPorts = 1>
ST_1 : Operation 26 [1/1] (0.00ns) (grouped into LUT with out node shift_V_3)   --->   "%sel_tmp3_demorgan = or i1 %tmp_4, %tmp_5" [jacobi-2d-imper.cpp:1358]   --->   Operation 26 'or' 'sel_tmp3_demorgan' <Predicate = (!tmp_1)> <Delay = 0.00> <Core = "LogicGate">   --->   Core 27 'LogicGate' <Latency = 0> <II = 1> <Delay = 0.61> <FuncUnit> <Opcode : 'and' 'or' 'xor'> <InPorts = 2> <OutPorts = 1>
ST_1 : Operation 27 [1/1] (0.00ns) (grouped into LUT with out node shift_V_3)   --->   "%sel_tmp3 = xor i1 %sel_tmp3_demorgan, true" [jacobi-2d-imper.cpp:1358]   --->   Operation 27 'xor' 'sel_tmp3' <Predicate = (!tmp_1)> <Delay = 0.00> <Core = "LogicGate">   --->   Core 27 'LogicGate' <Latency = 0> <II = 1> <Delay = 0.61> <FuncUnit> <Opcode : 'and' 'or' 'xor'> <InPorts = 2> <OutPorts = 1>
ST_1 : Operation 28 [1/1] (0.00ns) (grouped into LUT with out node shift_V_3)   --->   "%sel_tmp4 = and i1 %icmp4, %sel_tmp3" [jacobi-2d-imper.cpp:1362]   --->   Operation 28 'and' 'sel_tmp4' <Predicate = (!tmp_1)> <Delay = 0.00> <Core = "LogicGate">   --->   Core 27 'LogicGate' <Latency = 0> <II = 1> <Delay = 0.61> <FuncUnit> <Opcode : 'and' 'or' 'xor'> <InPorts = 2> <OutPorts = 1>
ST_1 : Operation 29 [1/1] (0.00ns) (grouped into LUT with out node shift_V_3)   --->   "%shift_V_2 = select i1 %sel_tmp4, i11 %shift_V, i11 %shift_V_1" [jacobi-2d-imper.cpp:1362]   --->   Operation 29 'select' 'shift_V_2' <Predicate = (!tmp_1)> <Delay = 0.00> <Core = "Sel">   --->   Core 26 'Sel' <Latency = 0> <II = 1> <Delay = 0.68> <FuncUnit> <Opcode : 'select'> <InPorts = 3> <OutPorts = 1>
ST_1 : Operation 30 [1/1] (0.63ns) (out node of the LUT)   --->   "%shift_V_3 = select i1 %tmp_4, i11 0, i11 %shift_V_2" [jacobi-2d-imper.cpp:1358]   --->   Operation 30 'select' 'shift_V_3' <Predicate = (!tmp_1)> <Delay = 0.63> <Core = "Sel">   --->   Core 26 'Sel' <Latency = 0> <II = 1> <Delay = 0.68> <FuncUnit> <Opcode : 'select'> <InPorts = 3> <OutPorts = 1>
ST_1 : Operation 31 [1/1] (0.00ns) (grouped into LUT with out node shift_V_4)   --->   "%sel_tmp7 = xor i1 %tmp_4, true" [jacobi-2d-imper.cpp:1358]   --->   Operation 31 'xor' 'sel_tmp7' <Predicate = (!tmp_1)> <Delay = 0.00> <Core = "LogicGate">   --->   Core 27 'LogicGate' <Latency = 0> <II = 1> <Delay = 0.61> <FuncUnit> <Opcode : 'and' 'or' 'xor'> <InPorts = 2> <OutPorts = 1>
ST_1 : Operation 32 [1/1] (0.00ns) (grouped into LUT with out node shift_V_4)   --->   "%sel_tmp8 = and i1 %tmp_5, %sel_tmp7" [jacobi-2d-imper.cpp:1361]   --->   Operation 32 'and' 'sel_tmp8' <Predicate = (!tmp_1)> <Delay = 0.00> <Core = "LogicGate">   --->   Core 27 'LogicGate' <Latency = 0> <II = 1> <Delay = 0.61> <FuncUnit> <Opcode : 'and' 'or' 'xor'> <InPorts = 2> <OutPorts = 1>
ST_1 : Operation 33 [1/1] (0.63ns) (out node of the LUT)   --->   "%shift_V_4 = select i1 %sel_tmp8, i11 %shift_V_cast_cast, i11 %shift_V_3" [jacobi-2d-imper.cpp:1361]   --->   Operation 33 'select' 'shift_V_4' <Predicate = (!tmp_1)> <Delay = 0.63> <Core = "Sel">   --->   Core 26 'Sel' <Latency = 0> <II = 1> <Delay = 0.68> <FuncUnit> <Opcode : 'select'> <InPorts = 3> <OutPorts = 1>
ST_1 : Operation 34 [1/1] (0.00ns)   --->   "%tmp_3 = call i53 @_ssdm_op_BitConcatenate.i53.i1.i52(i1 true, i52 %new_mant_V)" [jacobi-2d-imper.cpp:1369]   --->   Operation 34 'bitconcatenate' 'tmp_3' <Predicate = (!tmp_1)> <Delay = 0.00>
ST_1 : Operation 35 [1/1] (0.70ns)   --->   "%xf_V_1 = select i1 %tmp_4, i53 %xf_V_5_cast, i53 %tmp_3" [jacobi-2d-imper.cpp:1358]   --->   Operation 35 'select' 'xf_V_1' <Predicate = (!tmp_1)> <Delay = 0.70> <Core = "Sel">   --->   Core 26 'Sel' <Latency = 0> <II = 1> <Delay = 0.68> <FuncUnit> <Opcode : 'select'> <InPorts = 3> <OutPorts = 1>
ST_1 : Operation 36 [1/1] (0.00ns) (grouped into LUT with out node xf_V)   --->   "%p_cast = zext i53 %xf_V_1 to i56" [jacobi-2d-imper.cpp:1358]   --->   Operation 36 'zext' 'p_cast' <Predicate = (!tmp_1)> <Delay = 0.00>
ST_1 : Operation 37 [1/1] (0.00ns) (grouped into LUT with out node xf_V)   --->   "%tmp_s = zext i11 %shift_V_4 to i56" [jacobi-2d-imper.cpp:1371]   --->   Operation 37 'zext' 'tmp_s' <Predicate = (!tmp_1)> <Delay = 0.00>
ST_1 : Operation 38 [1/1] (0.00ns) (grouped into LUT with out node xf_V)   --->   "%tmp_cast = zext i11 %shift_V_4 to i53" [jacobi-2d-imper.cpp:1371]   --->   Operation 38 'zext' 'tmp_cast' <Predicate = (!tmp_1)> <Delay = 0.00>
ST_1 : Operation 39 [1/1] (0.00ns) (grouped into LUT with out node xf_V)   --->   "%r_V_3 = lshr i53 %xf_V_1, %tmp_cast" [jacobi-2d-imper.cpp:1371]   --->   Operation 39 'lshr' 'r_V_3' <Predicate = (!tmp_1)> <Delay = 0.00> <Core = "Shift">   --->   Core 28 'Shift' <Latency = 0> <II = 1> <Delay = 2.92> <FuncUnit> <Opcode : 'shl' 'lshr' 'ashr'> <InPorts = 2> <OutPorts = 1>
ST_1 : Operation 40 [1/1] (0.00ns) (grouped into LUT with out node xf_V)   --->   "%r_V_1_cast = zext i53 %r_V_3 to i56" [jacobi-2d-imper.cpp:1371]   --->   Operation 40 'zext' 'r_V_1_cast' <Predicate = (!tmp_1)> <Delay = 0.00>
ST_1 : Operation 41 [1/1] (0.00ns) (grouped into LUT with out node xf_V)   --->   "%r_V_4 = shl i56 %p_cast, %tmp_s" [jacobi-2d-imper.cpp:1373]   --->   Operation 41 'shl' 'r_V_4' <Predicate = (!tmp_1)> <Delay = 0.00> <Core = "Shift">   --->   Core 28 'Shift' <Latency = 0> <II = 1> <Delay = 2.92> <FuncUnit> <Opcode : 'shl' 'lshr' 'ashr'> <InPorts = 2> <OutPorts = 1>
ST_1 : Operation 42 [1/1] (0.00ns) (grouped into LUT with out node xf_V)   --->   "%xf_V_3 = select i1 %icmp4, i56 %r_V_1_cast, i56 %r_V_4" [jacobi-2d-imper.cpp:1370]   --->   Operation 42 'select' 'xf_V_3' <Predicate = (!tmp_1)> <Delay = 0.00> <Core = "Sel">   --->   Core 26 'Sel' <Latency = 0> <II = 1> <Delay = 0.68> <FuncUnit> <Opcode : 'select'> <InPorts = 3> <OutPorts = 1>
ST_1 : Operation 43 [1/1] (2.92ns) (out node of the LUT)   --->   "%xf_V = add i56 2, %xf_V_3" [jacobi-2d-imper.cpp:1374]   --->   Operation 43 'add' 'xf_V' <Predicate = (!tmp_1)> <Delay = 2.92> <Core = "AddSub">   --->   Core 14 'AddSub' <Latency = 0> <II = 1> <Delay = 1.88> <FuncUnit> <Opcode : 'add' 'sub'> <InPorts = 2> <OutPorts = 1>
ST_1 : Operation 44 [1/1] (0.00ns)   --->   "%p_Result_i_i = call i2 @_ssdm_op_PartSelect.i2.i56.i32.i32(i56 %xf_V, i32 54, i32 55) nounwind" [jacobi-2d-imper.cpp:1291->jacobi-2d-imper.cpp:1306->jacobi-2d-imper.cpp:1375]   --->   Operation 44 'partselect' 'p_Result_i_i' <Predicate = (!tmp_1)> <Delay = 0.00>
ST_1 : Operation 45 [1/1] (0.00ns)   --->   "%d_chunk_V = zext i2 %p_Result_i_i to i3" [jacobi-2d-imper.cpp:1291->jacobi-2d-imper.cpp:1306->jacobi-2d-imper.cpp:1375]   --->   Operation 45 'zext' 'd_chunk_V' <Predicate = (!tmp_1)> <Delay = 0.00>
ST_1 : Operation 46 [1/1] (3.66ns)   --->   "%call_ret_i_i = call fastcc { i3, i3 } @lut_div5_chunk(i3 %d_chunk_V, i3 0) nounwind" [jacobi-2d-imper.cpp:1292->jacobi-2d-imper.cpp:1306->jacobi-2d-imper.cpp:1375]   --->   Operation 46 'call' 'call_ret_i_i' <Predicate = (!tmp_1)> <Delay = 3.66> <CoreType = "Generic">   --->   Core 0 '' <Latency = 0> <II = 1> <Delay = 1.00> <Generic> <Opcode : >
ST_1 : Operation 47 [1/1] (0.00ns)   --->   "%r_V = extractvalue { i3, i3 } %call_ret_i_i, 1" [jacobi-2d-imper.cpp:1292->jacobi-2d-imper.cpp:1306->jacobi-2d-imper.cpp:1375]   --->   Operation 47 'extractvalue' 'r_V' <Predicate = (!tmp_1)> <Delay = 0.00>
ST_1 : Operation 48 [1/1] (0.00ns)   --->   "%p_Result_22_i_i = call i3 @_ssdm_op_PartSelect.i3.i56.i32.i32(i56 %xf_V, i32 51, i32 53) nounwind" [jacobi-2d-imper.cpp:1297->jacobi-2d-imper.cpp:1306->jacobi-2d-imper.cpp:1375]   --->   Operation 48 'partselect' 'p_Result_22_i_i' <Predicate = (!tmp_1)> <Delay = 0.00>
ST_1 : Operation 49 [1/1] (3.66ns)   --->   "%call_ret4_i_i = call fastcc { i3, i3 } @lut_div5_chunk(i3 %p_Result_22_i_i, i3 %r_V) nounwind" [jacobi-2d-imper.cpp:1298->jacobi-2d-imper.cpp:1306->jacobi-2d-imper.cpp:1375]   --->   Operation 49 'call' 'call_ret4_i_i' <Predicate = (!tmp_1)> <Delay = 3.66> <CoreType = "Generic">   --->   Core 0 '' <Latency = 0> <II = 1> <Delay = 1.00> <Generic> <Opcode : >
ST_1 : Operation 50 [1/1] (0.00ns)   --->   "%q_chunk_V_ret2_i_i = extractvalue { i3, i3 } %call_ret4_i_i, 0" [jacobi-2d-imper.cpp:1298->jacobi-2d-imper.cpp:1306->jacobi-2d-imper.cpp:1375]   --->   Operation 50 'extractvalue' 'q_chunk_V_ret2_i_i' <Predicate = (!tmp_1)> <Delay = 0.00>
ST_1 : Operation 51 [1/1] (0.00ns)   --->   "%r_V_ret3_i_i = extractvalue { i3, i3 } %call_ret4_i_i, 1" [jacobi-2d-imper.cpp:1298->jacobi-2d-imper.cpp:1306->jacobi-2d-imper.cpp:1375]   --->   Operation 51 'extractvalue' 'r_V_ret3_i_i' <Predicate = (!tmp_1)> <Delay = 0.00>
ST_1 : Operation 52 [1/1] (0.00ns)   --->   "%p_Result_22_1_i_i = call i3 @_ssdm_op_PartSelect.i3.i56.i32.i32(i56 %xf_V, i32 48, i32 50) nounwind" [jacobi-2d-imper.cpp:1297->jacobi-2d-imper.cpp:1306->jacobi-2d-imper.cpp:1375]   --->   Operation 52 'partselect' 'p_Result_22_1_i_i' <Predicate = (!tmp_1)> <Delay = 0.00>
ST_1 : Operation 53 [1/1] (3.66ns)   --->   "%call_ret4_1_i_i = call fastcc { i3, i3 } @lut_div5_chunk(i3 %p_Result_22_1_i_i, i3 %r_V_ret3_i_i) nounwind" [jacobi-2d-imper.cpp:1298->jacobi-2d-imper.cpp:1306->jacobi-2d-imper.cpp:1375]   --->   Operation 53 'call' 'call_ret4_1_i_i' <Predicate = (!tmp_1)> <Delay = 3.66> <CoreType = "Generic">   --->   Core 0 '' <Latency = 0> <II = 1> <Delay = 1.00> <Generic> <Opcode : >
ST_1 : Operation 54 [1/1] (0.00ns)   --->   "%q_chunk_V_ret2_1_i_i = extractvalue { i3, i3 } %call_ret4_1_i_i, 0" [jacobi-2d-imper.cpp:1298->jacobi-2d-imper.cpp:1306->jacobi-2d-imper.cpp:1375]   --->   Operation 54 'extractvalue' 'q_chunk_V_ret2_1_i_i' <Predicate = (!tmp_1)> <Delay = 0.00>
ST_1 : Operation 55 [1/1] (0.00ns)   --->   "%r_V_ret3_1_i_i = extractvalue { i3, i3 } %call_ret4_1_i_i, 1" [jacobi-2d-imper.cpp:1298->jacobi-2d-imper.cpp:1306->jacobi-2d-imper.cpp:1375]   --->   Operation 55 'extractvalue' 'r_V_ret3_1_i_i' <Predicate = (!tmp_1)> <Delay = 0.00>
ST_1 : Operation 56 [1/1] (0.00ns)   --->   "%p_Result_22_2_i_i = call i3 @_ssdm_op_PartSelect.i3.i56.i32.i32(i56 %xf_V, i32 45, i32 47) nounwind" [jacobi-2d-imper.cpp:1297->jacobi-2d-imper.cpp:1306->jacobi-2d-imper.cpp:1375]   --->   Operation 56 'partselect' 'p_Result_22_2_i_i' <Predicate = (!tmp_1)> <Delay = 0.00>
ST_1 : Operation 57 [1/1] (3.66ns)   --->   "%call_ret4_2_i_i = call fastcc { i3, i3 } @lut_div5_chunk(i3 %p_Result_22_2_i_i, i3 %r_V_ret3_1_i_i) nounwind" [jacobi-2d-imper.cpp:1298->jacobi-2d-imper.cpp:1306->jacobi-2d-imper.cpp:1375]   --->   Operation 57 'call' 'call_ret4_2_i_i' <Predicate = (!tmp_1)> <Delay = 3.66> <CoreType = "Generic">   --->   Core 0 '' <Latency = 0> <II = 1> <Delay = 1.00> <Generic> <Opcode : >
ST_1 : Operation 58 [1/1] (0.00ns)   --->   "%q_chunk_V_ret2_2_i_i = extractvalue { i3, i3 } %call_ret4_2_i_i, 0" [jacobi-2d-imper.cpp:1298->jacobi-2d-imper.cpp:1306->jacobi-2d-imper.cpp:1375]   --->   Operation 58 'extractvalue' 'q_chunk_V_ret2_2_i_i' <Predicate = (!tmp_1)> <Delay = 0.00>
ST_1 : Operation 59 [1/1] (0.00ns)   --->   "%r_V_ret3_2_i_i = extractvalue { i3, i3 } %call_ret4_2_i_i, 1" [jacobi-2d-imper.cpp:1298->jacobi-2d-imper.cpp:1306->jacobi-2d-imper.cpp:1375]   --->   Operation 59 'extractvalue' 'r_V_ret3_2_i_i' <Predicate = (!tmp_1)> <Delay = 0.00>
ST_1 : Operation 60 [1/1] (0.00ns)   --->   "%p_Result_22_3_i_i = call i3 @_ssdm_op_PartSelect.i3.i56.i32.i32(i56 %xf_V, i32 42, i32 44) nounwind" [jacobi-2d-imper.cpp:1297->jacobi-2d-imper.cpp:1306->jacobi-2d-imper.cpp:1375]   --->   Operation 60 'partselect' 'p_Result_22_3_i_i' <Predicate = (!tmp_1)> <Delay = 0.00>
ST_1 : Operation 61 [1/1] (3.66ns)   --->   "%call_ret4_3_i_i = call fastcc { i3, i3 } @lut_div5_chunk(i3 %p_Result_22_3_i_i, i3 %r_V_ret3_2_i_i) nounwind" [jacobi-2d-imper.cpp:1298->jacobi-2d-imper.cpp:1306->jacobi-2d-imper.cpp:1375]   --->   Operation 61 'call' 'call_ret4_3_i_i' <Predicate = (!tmp_1)> <Delay = 3.66> <CoreType = "Generic">   --->   Core 0 '' <Latency = 0> <II = 1> <Delay = 1.00> <Generic> <Opcode : >
ST_1 : Operation 62 [1/1] (0.00ns)   --->   "%q_chunk_V_ret2_3_i_i = extractvalue { i3, i3 } %call_ret4_3_i_i, 0" [jacobi-2d-imper.cpp:1298->jacobi-2d-imper.cpp:1306->jacobi-2d-imper.cpp:1375]   --->   Operation 62 'extractvalue' 'q_chunk_V_ret2_3_i_i' <Predicate = (!tmp_1)> <Delay = 0.00>
ST_1 : Operation 63 [1/1] (0.00ns)   --->   "%r_V_ret3_3_i_i = extractvalue { i3, i3 } %call_ret4_3_i_i, 1" [jacobi-2d-imper.cpp:1298->jacobi-2d-imper.cpp:1306->jacobi-2d-imper.cpp:1375]   --->   Operation 63 'extractvalue' 'r_V_ret3_3_i_i' <Predicate = (!tmp_1)> <Delay = 0.00>
ST_1 : Operation 64 [1/1] (0.00ns)   --->   "%p_Result_22_4_i_i = call i3 @_ssdm_op_PartSelect.i3.i56.i32.i32(i56 %xf_V, i32 39, i32 41) nounwind" [jacobi-2d-imper.cpp:1297->jacobi-2d-imper.cpp:1306->jacobi-2d-imper.cpp:1375]   --->   Operation 64 'partselect' 'p_Result_22_4_i_i' <Predicate = (!tmp_1)> <Delay = 0.00>
ST_1 : Operation 65 [1/1] (3.66ns)   --->   "%call_ret4_4_i_i = call fastcc { i3, i3 } @lut_div5_chunk(i3 %p_Result_22_4_i_i, i3 %r_V_ret3_3_i_i) nounwind" [jacobi-2d-imper.cpp:1298->jacobi-2d-imper.cpp:1306->jacobi-2d-imper.cpp:1375]   --->   Operation 65 'call' 'call_ret4_4_i_i' <Predicate = (!tmp_1)> <Delay = 3.66> <CoreType = "Generic">   --->   Core 0 '' <Latency = 0> <II = 1> <Delay = 1.00> <Generic> <Opcode : >
ST_1 : Operation 66 [1/1] (0.00ns)   --->   "%q_chunk_V_ret2_4_i_i = extractvalue { i3, i3 } %call_ret4_4_i_i, 0" [jacobi-2d-imper.cpp:1298->jacobi-2d-imper.cpp:1306->jacobi-2d-imper.cpp:1375]   --->   Operation 66 'extractvalue' 'q_chunk_V_ret2_4_i_i' <Predicate = (!tmp_1)> <Delay = 0.00>
ST_1 : Operation 67 [1/1] (0.00ns)   --->   "%r_V_ret3_4_i_i = extractvalue { i3, i3 } %call_ret4_4_i_i, 1" [jacobi-2d-imper.cpp:1298->jacobi-2d-imper.cpp:1306->jacobi-2d-imper.cpp:1375]   --->   Operation 67 'extractvalue' 'r_V_ret3_4_i_i' <Predicate = (!tmp_1)> <Delay = 0.00>
ST_1 : Operation 68 [1/1] (0.00ns)   --->   "%p_Result_22_5_i_i = call i3 @_ssdm_op_PartSelect.i3.i56.i32.i32(i56 %xf_V, i32 36, i32 38) nounwind" [jacobi-2d-imper.cpp:1297->jacobi-2d-imper.cpp:1306->jacobi-2d-imper.cpp:1375]   --->   Operation 68 'partselect' 'p_Result_22_5_i_i' <Predicate = (!tmp_1)> <Delay = 0.00>
ST_1 : Operation 69 [1/1] (3.66ns)   --->   "%call_ret4_5_i_i = call fastcc { i3, i3 } @lut_div5_chunk(i3 %p_Result_22_5_i_i, i3 %r_V_ret3_4_i_i) nounwind" [jacobi-2d-imper.cpp:1298->jacobi-2d-imper.cpp:1306->jacobi-2d-imper.cpp:1375]   --->   Operation 69 'call' 'call_ret4_5_i_i' <Predicate = (!tmp_1)> <Delay = 3.66> <CoreType = "Generic">   --->   Core 0 '' <Latency = 0> <II = 1> <Delay = 1.00> <Generic> <Opcode : >
ST_1 : Operation 70 [1/1] (0.00ns)   --->   "%q_chunk_V_ret2_5_i_i = extractvalue { i3, i3 } %call_ret4_5_i_i, 0" [jacobi-2d-imper.cpp:1298->jacobi-2d-imper.cpp:1306->jacobi-2d-imper.cpp:1375]   --->   Operation 70 'extractvalue' 'q_chunk_V_ret2_5_i_i' <Predicate = (!tmp_1)> <Delay = 0.00>
ST_1 : Operation 71 [1/1] (0.00ns)   --->   "%r_V_ret3_5_i_i = extractvalue { i3, i3 } %call_ret4_5_i_i, 1" [jacobi-2d-imper.cpp:1298->jacobi-2d-imper.cpp:1306->jacobi-2d-imper.cpp:1375]   --->   Operation 71 'extractvalue' 'r_V_ret3_5_i_i' <Predicate = (!tmp_1)> <Delay = 0.00>
ST_1 : Operation 72 [1/1] (0.00ns)   --->   "%p_Result_22_6_i_i = call i3 @_ssdm_op_PartSelect.i3.i56.i32.i32(i56 %xf_V, i32 33, i32 35) nounwind" [jacobi-2d-imper.cpp:1297->jacobi-2d-imper.cpp:1306->jacobi-2d-imper.cpp:1375]   --->   Operation 72 'partselect' 'p_Result_22_6_i_i' <Predicate = (!tmp_1)> <Delay = 0.00>
ST_1 : Operation 73 [1/1] (3.66ns)   --->   "%call_ret4_6_i_i = call fastcc { i3, i3 } @lut_div5_chunk(i3 %p_Result_22_6_i_i, i3 %r_V_ret3_5_i_i) nounwind" [jacobi-2d-imper.cpp:1298->jacobi-2d-imper.cpp:1306->jacobi-2d-imper.cpp:1375]   --->   Operation 73 'call' 'call_ret4_6_i_i' <Predicate = (!tmp_1)> <Delay = 3.66> <CoreType = "Generic">   --->   Core 0 '' <Latency = 0> <II = 1> <Delay = 1.00> <Generic> <Opcode : >
ST_1 : Operation 74 [1/1] (0.00ns)   --->   "%q_chunk_V_ret2_6_i_i = extractvalue { i3, i3 } %call_ret4_6_i_i, 0" [jacobi-2d-imper.cpp:1298->jacobi-2d-imper.cpp:1306->jacobi-2d-imper.cpp:1375]   --->   Operation 74 'extractvalue' 'q_chunk_V_ret2_6_i_i' <Predicate = (!tmp_1)> <Delay = 0.00>
ST_1 : Operation 75 [1/1] (0.00ns)   --->   "%r_V_ret3_6_i_i = extractvalue { i3, i3 } %call_ret4_6_i_i, 1" [jacobi-2d-imper.cpp:1298->jacobi-2d-imper.cpp:1306->jacobi-2d-imper.cpp:1375]   --->   Operation 75 'extractvalue' 'r_V_ret3_6_i_i' <Predicate = (!tmp_1)> <Delay = 0.00>
ST_1 : Operation 76 [1/1] (0.00ns)   --->   "%p_Result_22_7_i_i = call i3 @_ssdm_op_PartSelect.i3.i56.i32.i32(i56 %xf_V, i32 30, i32 32) nounwind" [jacobi-2d-imper.cpp:1297->jacobi-2d-imper.cpp:1306->jacobi-2d-imper.cpp:1375]   --->   Operation 76 'partselect' 'p_Result_22_7_i_i' <Predicate = (!tmp_1)> <Delay = 0.00>
ST_1 : Operation 77 [1/1] (0.00ns)   --->   "%p_Result_22_8_i_i = call i3 @_ssdm_op_PartSelect.i3.i56.i32.i32(i56 %xf_V, i32 27, i32 29) nounwind" [jacobi-2d-imper.cpp:1297->jacobi-2d-imper.cpp:1306->jacobi-2d-imper.cpp:1375]   --->   Operation 77 'partselect' 'p_Result_22_8_i_i' <Predicate = (!tmp_1)> <Delay = 0.00>
ST_1 : Operation 78 [1/1] (0.00ns)   --->   "%p_Result_22_9_i_i = call i3 @_ssdm_op_PartSelect.i3.i56.i32.i32(i56 %xf_V, i32 24, i32 26) nounwind" [jacobi-2d-imper.cpp:1297->jacobi-2d-imper.cpp:1306->jacobi-2d-imper.cpp:1375]   --->   Operation 78 'partselect' 'p_Result_22_9_i_i' <Predicate = (!tmp_1)> <Delay = 0.00>
ST_1 : Operation 79 [1/1] (0.00ns)   --->   "%p_Result_22_i_i_10 = call i3 @_ssdm_op_PartSelect.i3.i56.i32.i32(i56 %xf_V, i32 21, i32 23) nounwind" [jacobi-2d-imper.cpp:1297->jacobi-2d-imper.cpp:1306->jacobi-2d-imper.cpp:1375]   --->   Operation 79 'partselect' 'p_Result_22_i_i_10' <Predicate = (!tmp_1)> <Delay = 0.00>
ST_1 : Operation 80 [1/1] (0.00ns)   --->   "%p_Result_22_10_i_i = call i3 @_ssdm_op_PartSelect.i3.i56.i32.i32(i56 %xf_V, i32 18, i32 20) nounwind" [jacobi-2d-imper.cpp:1297->jacobi-2d-imper.cpp:1306->jacobi-2d-imper.cpp:1375]   --->   Operation 80 'partselect' 'p_Result_22_10_i_i' <Predicate = (!tmp_1)> <Delay = 0.00>
ST_1 : Operation 81 [1/1] (0.00ns)   --->   "%p_Result_22_11_i_i = call i3 @_ssdm_op_PartSelect.i3.i56.i32.i32(i56 %xf_V, i32 15, i32 17) nounwind" [jacobi-2d-imper.cpp:1297->jacobi-2d-imper.cpp:1306->jacobi-2d-imper.cpp:1375]   --->   Operation 81 'partselect' 'p_Result_22_11_i_i' <Predicate = (!tmp_1)> <Delay = 0.00>
ST_1 : Operation 82 [1/1] (0.00ns)   --->   "%p_Result_22_12_i_i = call i3 @_ssdm_op_PartSelect.i3.i56.i32.i32(i56 %xf_V, i32 12, i32 14) nounwind" [jacobi-2d-imper.cpp:1297->jacobi-2d-imper.cpp:1306->jacobi-2d-imper.cpp:1375]   --->   Operation 82 'partselect' 'p_Result_22_12_i_i' <Predicate = (!tmp_1)> <Delay = 0.00>
ST_1 : Operation 83 [1/1] (0.00ns)   --->   "%p_Result_22_13_i_i = call i3 @_ssdm_op_PartSelect.i3.i56.i32.i32(i56 %xf_V, i32 9, i32 11) nounwind" [jacobi-2d-imper.cpp:1297->jacobi-2d-imper.cpp:1306->jacobi-2d-imper.cpp:1375]   --->   Operation 83 'partselect' 'p_Result_22_13_i_i' <Predicate = (!tmp_1)> <Delay = 0.00>
ST_1 : Operation 84 [1/1] (0.00ns)   --->   "%p_Result_22_14_i_i = call i3 @_ssdm_op_PartSelect.i3.i56.i32.i32(i56 %xf_V, i32 6, i32 8) nounwind" [jacobi-2d-imper.cpp:1297->jacobi-2d-imper.cpp:1306->jacobi-2d-imper.cpp:1375]   --->   Operation 84 'partselect' 'p_Result_22_14_i_i' <Predicate = (!tmp_1)> <Delay = 0.00>
ST_1 : Operation 85 [1/1] (0.00ns)   --->   "%p_Result_22_15_i_i = call i3 @_ssdm_op_PartSelect.i3.i56.i32.i32(i56 %xf_V, i32 3, i32 5) nounwind" [jacobi-2d-imper.cpp:1297->jacobi-2d-imper.cpp:1306->jacobi-2d-imper.cpp:1375]   --->   Operation 85 'partselect' 'p_Result_22_15_i_i' <Predicate = (!tmp_1)> <Delay = 0.00>
ST_1 : Operation 86 [1/1] (0.00ns)   --->   "%tmp_9 = trunc i56 %xf_V to i3" [jacobi-2d-imper.cpp:1297->jacobi-2d-imper.cpp:1306->jacobi-2d-imper.cpp:1375]   --->   Operation 86 'trunc' 'tmp_9' <Predicate = (!tmp_1)> <Delay = 0.00>
ST_1 : Operation 87 [1/1] (0.00ns)   --->   "%tmp_10 = trunc i3 %q_chunk_V_ret2_i_i to i1" [jacobi-2d-imper.cpp:1298->jacobi-2d-imper.cpp:1306->jacobi-2d-imper.cpp:1375]   --->   Operation 87 'trunc' 'tmp_10' <Predicate = (!tmp_1)> <Delay = 0.00>

State 2 <SV = 1> <Delay = 41.4>
ST_2 : Operation 88 [1/1] (3.66ns)   --->   "%call_ret4_7_i_i = call fastcc { i3, i3 } @lut_div5_chunk(i3 %p_Result_22_7_i_i, i3 %r_V_ret3_6_i_i) nounwind" [jacobi-2d-imper.cpp:1298->jacobi-2d-imper.cpp:1306->jacobi-2d-imper.cpp:1375]   --->   Operation 88 'call' 'call_ret4_7_i_i' <Predicate = (!tmp_1)> <Delay = 3.66> <CoreType = "Generic">   --->   Core 0 '' <Latency = 0> <II = 1> <Delay = 1.00> <Generic> <Opcode : >
ST_2 : Operation 89 [1/1] (0.00ns)   --->   "%q_chunk_V_ret2_7_i_i = extractvalue { i3, i3 } %call_ret4_7_i_i, 0" [jacobi-2d-imper.cpp:1298->jacobi-2d-imper.cpp:1306->jacobi-2d-imper.cpp:1375]   --->   Operation 89 'extractvalue' 'q_chunk_V_ret2_7_i_i' <Predicate = (!tmp_1)> <Delay = 0.00>
ST_2 : Operation 90 [1/1] (0.00ns)   --->   "%r_V_ret3_7_i_i = extractvalue { i3, i3 } %call_ret4_7_i_i, 1" [jacobi-2d-imper.cpp:1298->jacobi-2d-imper.cpp:1306->jacobi-2d-imper.cpp:1375]   --->   Operation 90 'extractvalue' 'r_V_ret3_7_i_i' <Predicate = (!tmp_1)> <Delay = 0.00>
ST_2 : Operation 91 [1/1] (3.66ns)   --->   "%call_ret4_8_i_i = call fastcc { i3, i3 } @lut_div5_chunk(i3 %p_Result_22_8_i_i, i3 %r_V_ret3_7_i_i) nounwind" [jacobi-2d-imper.cpp:1298->jacobi-2d-imper.cpp:1306->jacobi-2d-imper.cpp:1375]   --->   Operation 91 'call' 'call_ret4_8_i_i' <Predicate = (!tmp_1)> <Delay = 3.66> <CoreType = "Generic">   --->   Core 0 '' <Latency = 0> <II = 1> <Delay = 1.00> <Generic> <Opcode : >
ST_2 : Operation 92 [1/1] (0.00ns)   --->   "%q_chunk_V_ret2_8_i_i = extractvalue { i3, i3 } %call_ret4_8_i_i, 0" [jacobi-2d-imper.cpp:1298->jacobi-2d-imper.cpp:1306->jacobi-2d-imper.cpp:1375]   --->   Operation 92 'extractvalue' 'q_chunk_V_ret2_8_i_i' <Predicate = (!tmp_1)> <Delay = 0.00>
ST_2 : Operation 93 [1/1] (0.00ns)   --->   "%r_V_ret3_8_i_i = extractvalue { i3, i3 } %call_ret4_8_i_i, 1" [jacobi-2d-imper.cpp:1298->jacobi-2d-imper.cpp:1306->jacobi-2d-imper.cpp:1375]   --->   Operation 93 'extractvalue' 'r_V_ret3_8_i_i' <Predicate = (!tmp_1)> <Delay = 0.00>
ST_2 : Operation 94 [1/1] (3.66ns)   --->   "%call_ret4_9_i_i = call fastcc { i3, i3 } @lut_div5_chunk(i3 %p_Result_22_9_i_i, i3 %r_V_ret3_8_i_i) nounwind" [jacobi-2d-imper.cpp:1298->jacobi-2d-imper.cpp:1306->jacobi-2d-imper.cpp:1375]   --->   Operation 94 'call' 'call_ret4_9_i_i' <Predicate = (!tmp_1)> <Delay = 3.66> <CoreType = "Generic">   --->   Core 0 '' <Latency = 0> <II = 1> <Delay = 1.00> <Generic> <Opcode : >
ST_2 : Operation 95 [1/1] (0.00ns)   --->   "%q_chunk_V_ret2_9_i_i = extractvalue { i3, i3 } %call_ret4_9_i_i, 0" [jacobi-2d-imper.cpp:1298->jacobi-2d-imper.cpp:1306->jacobi-2d-imper.cpp:1375]   --->   Operation 95 'extractvalue' 'q_chunk_V_ret2_9_i_i' <Predicate = (!tmp_1)> <Delay = 0.00>
ST_2 : Operation 96 [1/1] (0.00ns)   --->   "%r_V_ret3_9_i_i = extractvalue { i3, i3 } %call_ret4_9_i_i, 1" [jacobi-2d-imper.cpp:1298->jacobi-2d-imper.cpp:1306->jacobi-2d-imper.cpp:1375]   --->   Operation 96 'extractvalue' 'r_V_ret3_9_i_i' <Predicate = (!tmp_1)> <Delay = 0.00>
ST_2 : Operation 97 [1/1] (3.66ns)   --->   "%call_ret4_i_i_11 = call fastcc { i3, i3 } @lut_div5_chunk(i3 %p_Result_22_i_i_10, i3 %r_V_ret3_9_i_i) nounwind" [jacobi-2d-imper.cpp:1298->jacobi-2d-imper.cpp:1306->jacobi-2d-imper.cpp:1375]   --->   Operation 97 'call' 'call_ret4_i_i_11' <Predicate = (!tmp_1)> <Delay = 3.66> <CoreType = "Generic">   --->   Core 0 '' <Latency = 0> <II = 1> <Delay = 1.00> <Generic> <Opcode : >
ST_2 : Operation 98 [1/1] (0.00ns)   --->   "%q_chunk_V_ret2_i_i_12 = extractvalue { i3, i3 } %call_ret4_i_i_11, 0" [jacobi-2d-imper.cpp:1298->jacobi-2d-imper.cpp:1306->jacobi-2d-imper.cpp:1375]   --->   Operation 98 'extractvalue' 'q_chunk_V_ret2_i_i_12' <Predicate = (!tmp_1)> <Delay = 0.00>
ST_2 : Operation 99 [1/1] (0.00ns)   --->   "%r_V_ret3_i_i_13 = extractvalue { i3, i3 } %call_ret4_i_i_11, 1" [jacobi-2d-imper.cpp:1298->jacobi-2d-imper.cpp:1306->jacobi-2d-imper.cpp:1375]   --->   Operation 99 'extractvalue' 'r_V_ret3_i_i_13' <Predicate = (!tmp_1)> <Delay = 0.00>
ST_2 : Operation 100 [1/1] (3.66ns)   --->   "%call_ret4_10_i_i = call fastcc { i3, i3 } @lut_div5_chunk(i3 %p_Result_22_10_i_i, i3 %r_V_ret3_i_i_13) nounwind" [jacobi-2d-imper.cpp:1298->jacobi-2d-imper.cpp:1306->jacobi-2d-imper.cpp:1375]   --->   Operation 100 'call' 'call_ret4_10_i_i' <Predicate = (!tmp_1)> <Delay = 3.66> <CoreType = "Generic">   --->   Core 0 '' <Latency = 0> <II = 1> <Delay = 1.00> <Generic> <Opcode : >
ST_2 : Operation 101 [1/1] (0.00ns)   --->   "%q_chunk_V_ret2_10_i_s = extractvalue { i3, i3 } %call_ret4_10_i_i, 0" [jacobi-2d-imper.cpp:1298->jacobi-2d-imper.cpp:1306->jacobi-2d-imper.cpp:1375]   --->   Operation 101 'extractvalue' 'q_chunk_V_ret2_10_i_s' <Predicate = (!tmp_1)> <Delay = 0.00>
ST_2 : Operation 102 [1/1] (0.00ns)   --->   "%r_V_ret3_10_i_i = extractvalue { i3, i3 } %call_ret4_10_i_i, 1" [jacobi-2d-imper.cpp:1298->jacobi-2d-imper.cpp:1306->jacobi-2d-imper.cpp:1375]   --->   Operation 102 'extractvalue' 'r_V_ret3_10_i_i' <Predicate = (!tmp_1)> <Delay = 0.00>
ST_2 : Operation 103 [1/1] (3.66ns)   --->   "%call_ret4_11_i_i = call fastcc { i3, i3 } @lut_div5_chunk(i3 %p_Result_22_11_i_i, i3 %r_V_ret3_10_i_i) nounwind" [jacobi-2d-imper.cpp:1298->jacobi-2d-imper.cpp:1306->jacobi-2d-imper.cpp:1375]   --->   Operation 103 'call' 'call_ret4_11_i_i' <Predicate = (!tmp_1)> <Delay = 3.66> <CoreType = "Generic">   --->   Core 0 '' <Latency = 0> <II = 1> <Delay = 1.00> <Generic> <Opcode : >
ST_2 : Operation 104 [1/1] (0.00ns)   --->   "%q_chunk_V_ret2_11_i_s = extractvalue { i3, i3 } %call_ret4_11_i_i, 0" [jacobi-2d-imper.cpp:1298->jacobi-2d-imper.cpp:1306->jacobi-2d-imper.cpp:1375]   --->   Operation 104 'extractvalue' 'q_chunk_V_ret2_11_i_s' <Predicate = (!tmp_1)> <Delay = 0.00>
ST_2 : Operation 105 [1/1] (0.00ns)   --->   "%r_V_ret3_11_i_i = extractvalue { i3, i3 } %call_ret4_11_i_i, 1" [jacobi-2d-imper.cpp:1298->jacobi-2d-imper.cpp:1306->jacobi-2d-imper.cpp:1375]   --->   Operation 105 'extractvalue' 'r_V_ret3_11_i_i' <Predicate = (!tmp_1)> <Delay = 0.00>
ST_2 : Operation 106 [1/1] (3.66ns)   --->   "%call_ret4_12_i_i = call fastcc { i3, i3 } @lut_div5_chunk(i3 %p_Result_22_12_i_i, i3 %r_V_ret3_11_i_i) nounwind" [jacobi-2d-imper.cpp:1298->jacobi-2d-imper.cpp:1306->jacobi-2d-imper.cpp:1375]   --->   Operation 106 'call' 'call_ret4_12_i_i' <Predicate = (!tmp_1)> <Delay = 3.66> <CoreType = "Generic">   --->   Core 0 '' <Latency = 0> <II = 1> <Delay = 1.00> <Generic> <Opcode : >
ST_2 : Operation 107 [1/1] (0.00ns)   --->   "%q_chunk_V_ret2_12_i_s = extractvalue { i3, i3 } %call_ret4_12_i_i, 0" [jacobi-2d-imper.cpp:1298->jacobi-2d-imper.cpp:1306->jacobi-2d-imper.cpp:1375]   --->   Operation 107 'extractvalue' 'q_chunk_V_ret2_12_i_s' <Predicate = (!tmp_1)> <Delay = 0.00>
ST_2 : Operation 108 [1/1] (0.00ns)   --->   "%r_V_ret3_12_i_i = extractvalue { i3, i3 } %call_ret4_12_i_i, 1" [jacobi-2d-imper.cpp:1298->jacobi-2d-imper.cpp:1306->jacobi-2d-imper.cpp:1375]   --->   Operation 108 'extractvalue' 'r_V_ret3_12_i_i' <Predicate = (!tmp_1)> <Delay = 0.00>
ST_2 : Operation 109 [1/1] (3.66ns)   --->   "%call_ret4_13_i_i = call fastcc { i3, i3 } @lut_div5_chunk(i3 %p_Result_22_13_i_i, i3 %r_V_ret3_12_i_i) nounwind" [jacobi-2d-imper.cpp:1298->jacobi-2d-imper.cpp:1306->jacobi-2d-imper.cpp:1375]   --->   Operation 109 'call' 'call_ret4_13_i_i' <Predicate = (!tmp_1)> <Delay = 3.66> <CoreType = "Generic">   --->   Core 0 '' <Latency = 0> <II = 1> <Delay = 1.00> <Generic> <Opcode : >
ST_2 : Operation 110 [1/1] (0.00ns)   --->   "%q_chunk_V_ret2_13_i_s = extractvalue { i3, i3 } %call_ret4_13_i_i, 0" [jacobi-2d-imper.cpp:1298->jacobi-2d-imper.cpp:1306->jacobi-2d-imper.cpp:1375]   --->   Operation 110 'extractvalue' 'q_chunk_V_ret2_13_i_s' <Predicate = (!tmp_1)> <Delay = 0.00>
ST_2 : Operation 111 [1/1] (0.00ns)   --->   "%r_V_ret3_13_i_i = extractvalue { i3, i3 } %call_ret4_13_i_i, 1" [jacobi-2d-imper.cpp:1298->jacobi-2d-imper.cpp:1306->jacobi-2d-imper.cpp:1375]   --->   Operation 111 'extractvalue' 'r_V_ret3_13_i_i' <Predicate = (!tmp_1)> <Delay = 0.00>
ST_2 : Operation 112 [1/1] (3.66ns)   --->   "%call_ret4_14_i_i = call fastcc { i3, i3 } @lut_div5_chunk(i3 %p_Result_22_14_i_i, i3 %r_V_ret3_13_i_i) nounwind" [jacobi-2d-imper.cpp:1298->jacobi-2d-imper.cpp:1306->jacobi-2d-imper.cpp:1375]   --->   Operation 112 'call' 'call_ret4_14_i_i' <Predicate = (!tmp_1)> <Delay = 3.66> <CoreType = "Generic">   --->   Core 0 '' <Latency = 0> <II = 1> <Delay = 1.00> <Generic> <Opcode : >
ST_2 : Operation 113 [1/1] (0.00ns)   --->   "%q_chunk_V_ret2_14_i_s = extractvalue { i3, i3 } %call_ret4_14_i_i, 0" [jacobi-2d-imper.cpp:1298->jacobi-2d-imper.cpp:1306->jacobi-2d-imper.cpp:1375]   --->   Operation 113 'extractvalue' 'q_chunk_V_ret2_14_i_s' <Predicate = (!tmp_1)> <Delay = 0.00>
ST_2 : Operation 114 [1/1] (0.00ns)   --->   "%r_V_ret3_14_i_i = extractvalue { i3, i3 } %call_ret4_14_i_i, 1" [jacobi-2d-imper.cpp:1298->jacobi-2d-imper.cpp:1306->jacobi-2d-imper.cpp:1375]   --->   Operation 114 'extractvalue' 'r_V_ret3_14_i_i' <Predicate = (!tmp_1)> <Delay = 0.00>
ST_2 : Operation 115 [1/1] (3.66ns)   --->   "%call_ret4_15_i_i = call fastcc { i3, i3 } @lut_div5_chunk(i3 %p_Result_22_15_i_i, i3 %r_V_ret3_14_i_i) nounwind" [jacobi-2d-imper.cpp:1298->jacobi-2d-imper.cpp:1306->jacobi-2d-imper.cpp:1375]   --->   Operation 115 'call' 'call_ret4_15_i_i' <Predicate = (!tmp_1)> <Delay = 3.66> <CoreType = "Generic">   --->   Core 0 '' <Latency = 0> <II = 1> <Delay = 1.00> <Generic> <Opcode : >
ST_2 : Operation 116 [1/1] (0.00ns)   --->   "%q_chunk_V_ret2_15_i_s = extractvalue { i3, i3 } %call_ret4_15_i_i, 0" [jacobi-2d-imper.cpp:1298->jacobi-2d-imper.cpp:1306->jacobi-2d-imper.cpp:1375]   --->   Operation 116 'extractvalue' 'q_chunk_V_ret2_15_i_s' <Predicate = (!tmp_1)> <Delay = 0.00>
ST_2 : Operation 117 [1/1] (0.00ns)   --->   "%r_V_ret3_15_i_i = extractvalue { i3, i3 } %call_ret4_15_i_i, 1" [jacobi-2d-imper.cpp:1298->jacobi-2d-imper.cpp:1306->jacobi-2d-imper.cpp:1375]   --->   Operation 117 'extractvalue' 'r_V_ret3_15_i_i' <Predicate = (!tmp_1)> <Delay = 0.00>
ST_2 : Operation 118 [1/1] (3.66ns)   --->   "%call_ret4_16_i_i = call fastcc { i3, i3 } @lut_div5_chunk(i3 %tmp_9, i3 %r_V_ret3_15_i_i) nounwind" [jacobi-2d-imper.cpp:1298->jacobi-2d-imper.cpp:1306->jacobi-2d-imper.cpp:1375]   --->   Operation 118 'call' 'call_ret4_16_i_i' <Predicate = (!tmp_1)> <Delay = 3.66> <CoreType = "Generic">   --->   Core 0 '' <Latency = 0> <II = 1> <Delay = 1.00> <Generic> <Opcode : >
ST_2 : Operation 119 [1/1] (0.00ns)   --->   "%q_chunk_V_ret2_16_i_s = extractvalue { i3, i3 } %call_ret4_16_i_i, 0" [jacobi-2d-imper.cpp:1298->jacobi-2d-imper.cpp:1306->jacobi-2d-imper.cpp:1375]   --->   Operation 119 'extractvalue' 'q_chunk_V_ret2_16_i_s' <Predicate = (!tmp_1)> <Delay = 0.00>
ST_2 : Operation 120 [1/1] (0.00ns)   --->   "%new_mant_V_1 = call i52 @_ssdm_op_BitConcatenate.i52.i1.i3.i3.i3.i3.i3.i3.i3.i3.i3.i3.i3.i3.i3.i3.i3.i3.i3(i1 %tmp_10, i3 %q_chunk_V_ret2_1_i_i, i3 %q_chunk_V_ret2_2_i_i, i3 %q_chunk_V_ret2_3_i_i, i3 %q_chunk_V_ret2_4_i_i, i3 %q_chunk_V_ret2_5_i_i, i3 %q_chunk_V_ret2_6_i_i, i3 %q_chunk_V_ret2_7_i_i, i3 %q_chunk_V_ret2_8_i_i, i3 %q_chunk_V_ret2_9_i_i, i3 %q_chunk_V_ret2_i_i_12, i3 %q_chunk_V_ret2_10_i_s, i3 %q_chunk_V_ret2_11_i_s, i3 %q_chunk_V_ret2_12_i_s, i3 %q_chunk_V_ret2_13_i_s, i3 %q_chunk_V_ret2_14_i_s, i3 %q_chunk_V_ret2_15_i_s, i3 %q_chunk_V_ret2_16_i_s)" [jacobi-2d-imper.cpp:1375]   --->   Operation 120 'bitconcatenate' 'new_mant_V_1' <Predicate = (!tmp_1)> <Delay = 0.00>
ST_2 : Operation 121 [1/1] (1.06ns)   --->   "br label %._crit_edge416" [jacobi-2d-imper.cpp:1376]   --->   Operation 121 'br' <Predicate = (!tmp_1)> <Delay = 1.06>
ST_2 : Operation 122 [1/1] (0.00ns)   --->   "%p_Repl2_s = phi i52 [ %new_mant_V_1, %_ifconv1 ], [ %new_mant_V, %_ifconv ]"   --->   Operation 122 'phi' 'p_Repl2_s' <Predicate = true> <Delay = 0.00>
ST_2 : Operation 123 [1/1] (0.00ns)   --->   "%p_Result_s = call i64 @_ssdm_op_BitConcatenate.i64.i1.i11.i52(i1 %p_Repl2_2, i11 %p_Repl2_1, i52 %p_Repl2_s) nounwind" [jacobi-2d-imper.cpp:1326->jacobi-2d-imper.cpp:1377]   --->   Operation 123 'bitconcatenate' 'p_Result_s' <Predicate = true> <Delay = 0.00>
ST_2 : Operation 124 [1/1] (0.00ns)   --->   "%out = bitcast i64 %p_Result_s to double" [jacobi-2d-imper.cpp:1327->jacobi-2d-imper.cpp:1377]   --->   Operation 124 'bitcast' 'out' <Predicate = true> <Delay = 0.00>
ST_2 : Operation 125 [1/1] (0.00ns)   --->   "ret double %out" [jacobi-2d-imper.cpp:1378]   --->   Operation 125 'ret' <Predicate = true> <Delay = 0.00>


============================================================
+ Verbose Summary: Timing violations
============================================================
Target clock period: 10ns, clock uncertainty: 1.25ns.

 <State 1>: 36.2ns
The critical path consists of the following:
	wire read on port 'in_r' [2]  (0 ns)
	'icmp' operation ('icmp', jacobi-2d-imper.cpp:1350) [10]  (0.644 ns)
	'select' operation ('shift_V_cast_cast', jacobi-2d-imper.cpp:1350) [11]  (0.654 ns)
	'icmp' operation ('tmp_5', jacobi-2d-imper.cpp:1361) [21]  (1.33 ns)
	'or' operation ('sel_tmp3_demorgan', jacobi-2d-imper.cpp:1358) [26]  (0 ns)
	'xor' operation ('sel_tmp3', jacobi-2d-imper.cpp:1358) [27]  (0 ns)
	'and' operation ('sel_tmp4', jacobi-2d-imper.cpp:1362) [28]  (0 ns)
	'select' operation ('shift.V', jacobi-2d-imper.cpp:1362) [29]  (0 ns)
	'select' operation ('shift.V', jacobi-2d-imper.cpp:1358) [30]  (0.633 ns)
	'select' operation ('shift.V', jacobi-2d-imper.cpp:1361) [33]  (0.633 ns)
	'shl' operation ('r.V', jacobi-2d-imper.cpp:1373) [41]  (0 ns)
	'select' operation ('xf.V', jacobi-2d-imper.cpp:1370) [42]  (0 ns)
	'add' operation ('xf.V', jacobi-2d-imper.cpp:1374) [43]  (2.93 ns)
	'call' operation ('call_ret_i_i', jacobi-2d-imper.cpp:1292->jacobi-2d-imper.cpp:1306->jacobi-2d-imper.cpp:1375) to 'lut_div5_chunk' [46]  (3.67 ns)
	'call' operation ('call_ret4_i_i', jacobi-2d-imper.cpp:1298->jacobi-2d-imper.cpp:1306->jacobi-2d-imper.cpp:1375) to 'lut_div5_chunk' [49]  (3.67 ns)
	'call' operation ('call_ret4_1_i_i', jacobi-2d-imper.cpp:1298->jacobi-2d-imper.cpp:1306->jacobi-2d-imper.cpp:1375) to 'lut_div5_chunk' [53]  (3.67 ns)
	'call' operation ('call_ret4_2_i_i', jacobi-2d-imper.cpp:1298->jacobi-2d-imper.cpp:1306->jacobi-2d-imper.cpp:1375) to 'lut_div5_chunk' [57]  (3.67 ns)
	'call' operation ('call_ret4_3_i_i', jacobi-2d-imper.cpp:1298->jacobi-2d-imper.cpp:1306->jacobi-2d-imper.cpp:1375) to 'lut_div5_chunk' [61]  (3.67 ns)
	'call' operation ('call_ret4_4_i_i', jacobi-2d-imper.cpp:1298->jacobi-2d-imper.cpp:1306->jacobi-2d-imper.cpp:1375) to 'lut_div5_chunk' [65]  (3.67 ns)
	'call' operation ('call_ret4_5_i_i', jacobi-2d-imper.cpp:1298->jacobi-2d-imper.cpp:1306->jacobi-2d-imper.cpp:1375) to 'lut_div5_chunk' [69]  (3.67 ns)
	'call' operation ('call_ret4_6_i_i', jacobi-2d-imper.cpp:1298->jacobi-2d-imper.cpp:1306->jacobi-2d-imper.cpp:1375) to 'lut_div5_chunk' [73]  (3.67 ns)

 <State 2>: 41.4ns
The critical path consists of the following:
	'call' operation ('call_ret4_7_i_i', jacobi-2d-imper.cpp:1298->jacobi-2d-imper.cpp:1306->jacobi-2d-imper.cpp:1375) to 'lut_div5_chunk' [77]  (3.67 ns)
	'call' operation ('call_ret4_8_i_i', jacobi-2d-imper.cpp:1298->jacobi-2d-imper.cpp:1306->jacobi-2d-imper.cpp:1375) to 'lut_div5_chunk' [81]  (3.67 ns)
	'call' operation ('call_ret4_9_i_i', jacobi-2d-imper.cpp:1298->jacobi-2d-imper.cpp:1306->jacobi-2d-imper.cpp:1375) to 'lut_div5_chunk' [85]  (3.67 ns)
	'call' operation ('call_ret4_i_i_11', jacobi-2d-imper.cpp:1298->jacobi-2d-imper.cpp:1306->jacobi-2d-imper.cpp:1375) to 'lut_div5_chunk' [89]  (3.67 ns)
	'call' operation ('call_ret4_10_i_i', jacobi-2d-imper.cpp:1298->jacobi-2d-imper.cpp:1306->jacobi-2d-imper.cpp:1375) to 'lut_div5_chunk' [93]  (3.67 ns)
	'call' operation ('call_ret4_11_i_i', jacobi-2d-imper.cpp:1298->jacobi-2d-imper.cpp:1306->jacobi-2d-imper.cpp:1375) to 'lut_div5_chunk' [97]  (3.67 ns)
	'call' operation ('call_ret4_12_i_i', jacobi-2d-imper.cpp:1298->jacobi-2d-imper.cpp:1306->jacobi-2d-imper.cpp:1375) to 'lut_div5_chunk' [101]  (3.67 ns)
	'call' operation ('call_ret4_13_i_i', jacobi-2d-imper.cpp:1298->jacobi-2d-imper.cpp:1306->jacobi-2d-imper.cpp:1375) to 'lut_div5_chunk' [105]  (3.67 ns)
	'call' operation ('call_ret4_14_i_i', jacobi-2d-imper.cpp:1298->jacobi-2d-imper.cpp:1306->jacobi-2d-imper.cpp:1375) to 'lut_div5_chunk' [109]  (3.67 ns)
	'call' operation ('call_ret4_15_i_i', jacobi-2d-imper.cpp:1298->jacobi-2d-imper.cpp:1306->jacobi-2d-imper.cpp:1375) to 'lut_div5_chunk' [113]  (3.67 ns)
	'call' operation ('call_ret4_16_i_i', jacobi-2d-imper.cpp:1298->jacobi-2d-imper.cpp:1306->jacobi-2d-imper.cpp:1375) to 'lut_div5_chunk' [117]  (3.67 ns)
	multiplexor before 'phi' operation ('mant.V') with incoming values : ('ssdm_int<52 + 1024 * 0, false>.V', jacobi-2d-imper.cpp:57->jacobi-2d-imper.cpp:1344) ('new_mant.V', jacobi-2d-imper.cpp:1375) [123]  (1.06 ns)
	'phi' operation ('mant.V') with incoming values : ('ssdm_int<52 + 1024 * 0, false>.V', jacobi-2d-imper.cpp:57->jacobi-2d-imper.cpp:1344) ('new_mant.V', jacobi-2d-imper.cpp:1375) [123]  (0 ns)


============================================================
+ Verbose Summary: Binding
============================================================
N/A
* FSMD analyzer results:
  - Output states:
 - Input state : 
  - Chain level:
	State 1
	State 2


============================================================
+ Verbose Summary: Datapath Resource usage 
============================================================
N/A
