

================================================================
== Vivado HLS Report for 'operator_float_div10'
================================================================
* Date:           Fri Aug 31 16:09:11 2018

* Version:        2018.2 (Build 2258646 on Thu Jun 14 20:25:20 MDT 2018)
* Project:        operator_float_div
* Solution:       div10
* Product family: kintex7
* Target device:  xc7k160tfbg484-1


================================================================
== Performance Estimates
================================================================
+ Timing (ns): 
    * Summary: 
    +--------+-------+----------+------------+
    |  Clock | Target| Estimated| Uncertainty|
    +--------+-------+----------+------------+
    |ap_clk  |   2.50|     2.132|        0.31|
    +--------+-------+----------+------------+

+ Latency (clock cycles): 
    * Summary: 
    +-----+-----+-----+-----+---------+
    |  Latency  |  Interval | Pipeline|
    | min | max | min | max |   Type  |
    +-----+-----+-----+-----+---------+
    |   38|   38|   38|   38|   none  |
    +-----+-----+-----+-----+---------+

    + Detail: 
        * Instance: 
        +---------------------------+----------------+-----+-----+-----+-----+---------+
        |                           |                |  Latency  |  Interval | Pipeline|
        |          Instance         |     Module     | min | max | min | max |   Type  |
        +---------------------------+----------------+-----+-----+-----+-----+---------+
        |grp_lut_div5_chunk_fu_110  |lut_div5_chunk  |    1|    1|    1|    1|   none  |
        +---------------------------+----------------+-----+-----+-----+-----+---------+

        * Loop: 
        N/A



================================================================
== Utilization Estimates
================================================================
* Summary: 
+-----------------+---------+-------+--------+--------+
|       Name      | BRAM_18K| DSP48E|   FF   |   LUT  |
+-----------------+---------+-------+--------+--------+
|DSP              |        -|      -|       -|       -|
|Expression       |        -|      -|       0|     297|
|FIFO             |        -|      -|       -|       -|
|Instance         |        0|      -|     380|     301|
|Memory           |        -|      -|       -|       -|
|Multiplexer      |        -|      -|       -|     202|
|Register         |        -|      -|     226|       -|
+-----------------+---------+-------+--------+--------+
|Total            |        0|      0|     606|     800|
+-----------------+---------+-------+--------+--------+
|Available        |      650|    600|  202800|  101400|
+-----------------+---------+-------+--------+--------+
|Utilization (%)  |        0|      0|   ~0   |   ~0   |
+-----------------+---------+-------+--------+--------+

+ Detail: 
    * Instance: 
    +---------------------------+----------------------+---------+-------+-----+-----+
    |          Instance         |        Module        | BRAM_18K| DSP48E|  FF | LUT |
    +---------------------------+----------------------+---------+-------+-----+-----+
    |grp_lut_div5_chunk_fu_110  |lut_div5_chunk        |        0|      0|   14|   39|
    |operator_float_dibkb_U9    |operator_float_dibkb  |        0|      0|  183|  131|
    |operator_float_dicud_U10   |operator_float_dicud  |        0|      0|  183|  131|
    +---------------------------+----------------------+---------+-------+-----+-----+
    |Total                      |                      |        0|      0|  380|  301|
    +---------------------------+----------------------+---------+-------+-----+-----+

    * DSP48: 
    N/A

    * Memory: 
    N/A

    * FIFO: 
    N/A

    * Expression: 
    +-----------------------------+----------+-------+---+----+------------+------------+
    |        Variable Name        | Operation| DSP48E| FF| LUT| Bitwidth P0| Bitwidth P1|
    +-----------------------------+----------+-------+---+----+------------+------------+
    |shift_V_1_fu_197_p2          |     +    |      0|  0|  15|           3|           8|
    |xf_V_4_fu_350_p2             |     +    |      0|  0|  35|           2|          28|
    |new_exp_V_1_fu_206_p2        |     -    |      0|  0|  15|           8|           8|
    |shift_V_fu_222_p2            |     -    |      0|  0|  15|           2|           8|
    |sel_tmp1_fu_232_p2           |    and   |      0|  0|   6|           1|           1|
    |sel_tmp6_fu_254_p2           |    and   |      0|  0|   6|           1|           1|
    |icmp_fu_174_p2               |   icmp   |      0|  0|   8|           2|           1|
    |tmp_1_fu_202_p2              |   icmp   |      0|  0|  11|           8|           8|
    |tmp_3_fu_187_p2              |   icmp   |      0|  0|  11|           8|           1|
    |tmp_4_fu_192_p2              |   icmp   |      0|  0|  11|           8|           8|
    |tmp_6_fu_217_p2              |   icmp   |      0|  0|  11|           8|           2|
    |tmp_9_fu_275_p2              |   icmp   |      0|  0|  11|           8|           2|
    |sel_tmp5_demorgan_fu_244_p2  |    or    |      0|  0|   6|           1|           1|
    |tmp_10_fu_288_p2             |    or    |      0|  0|   6|           1|           1|
    |p_1_fu_280_p3                |  select  |      0|  0|   2|           1|           2|
    |p_Repl2_1_fu_294_p3          |  select  |      0|  0|   8|           1|           8|
    |p_Repl2_s_fu_501_p3          |  select  |      0|  0|  23|           1|          23|
    |p_cast_cast_fu_180_p3        |  select  |      0|  0|   3|           1|           3|
    |shift_V_2_fu_237_p3          |  select  |      0|  0|   8|           1|           8|
    |shift_V_3_fu_260_p3          |  select  |      0|  0|   8|           1|           8|
    |shift_V_4_fu_268_p3          |  select  |      0|  0|   8|           1|           1|
    |shift_V_cast_cast_fu_210_p3  |  select  |      0|  0|   2|           1|           2|
    |xf_V_1_fu_344_p3             |  select  |      0|  0|  28|           1|          28|
    |xf_V_fu_329_p3               |  select  |      0|  0|  28|           1|          28|
    |sel_tmp5_fu_248_p2           |    xor   |      0|  0|   6|           1|           2|
    |sel_tmp_fu_227_p2            |    xor   |      0|  0|   6|           1|           2|
    +-----------------------------+----------+-------+---+----+------------+------------+
    |Total                        |          |      0|  0| 297|          73|         193|
    +-----------------------------+----------+-------+---+----+------------+------------+

    * Multiplexer: 
    +----------------------------------+-----+-----------+-----+-----------+
    |               Name               | LUT | Input Size| Bits| Total Bits|
    +----------------------------------+-----+-----------+-----+-----------+
    |ap_NS_fsm                         |  137|         30|    1|         30|
    |grp_lut_div5_chunk_fu_110_d_V     |   50|         11|    3|         33|
    |grp_lut_div5_chunk_fu_110_r_in_V  |   15|          3|    3|          9|
    +----------------------------------+-----+-----------+-----+-----------+
    |Total                             |  202|         44|    7|         72|
    +----------------------------------+-----+-----------+-----+-----------+

    * Register: 
    +----------------------------------------+----+----+-----+-----------+
    |                  Name                  | FF | LUT| Bits| Const Bits|
    +----------------------------------------+----+----+-----+-----------+
    |ap_CS_fsm                               |  29|   0|   29|          0|
    |call_ret3_i_i_reg_681_0                 |   3|   0|    3|          0|
    |call_ret4_i_i_reg_686_0                 |   3|   0|    3|          0|
    |call_ret5_i_i_reg_691_0                 |   3|   0|    3|          0|
    |call_ret6_i_i_reg_696_0                 |   3|   0|    3|          0|
    |call_ret7_i_i_reg_701_0                 |   3|   0|    3|          0|
    |call_ret8_i_i_reg_706_0                 |   3|   0|    3|          0|
    |call_ret9_i_i_reg_711_0                 |   3|   0|    3|          0|
    |d_chunk_V_1_reg_631                     |   3|   0|    3|          0|
    |d_chunk_V_2_reg_636                     |   3|   0|    3|          0|
    |d_chunk_V_3_reg_641                     |   3|   0|    3|          0|
    |d_chunk_V_4_reg_646                     |   3|   0|    3|          0|
    |d_chunk_V_5_reg_651                     |   3|   0|    3|          0|
    |d_chunk_V_6_reg_656                     |   3|   0|    3|          0|
    |d_chunk_V_7_reg_661                     |   3|   0|    3|          0|
    |d_chunk_V_8_reg_666                     |   3|   0|    3|          0|
    |d_chunk_V_9_reg_671                     |   3|   0|    3|          0|
    |d_chunk_V_reg_676                       |   1|   0|    3|          2|
    |grp_lut_div5_chunk_fu_110_ap_start_reg  |   1|   0|    1|          0|
    |icmp_reg_543                            |   1|   0|    1|          0|
    |new_exp_V_reg_524                       |   8|   0|    8|          0|
    |new_mant_V_1_reg_536                    |  23|   0|   23|          0|
    |p_Repl2_1_reg_590                       |   8|   0|    8|          0|
    |p_Repl2_2_reg_519                       |   1|   0|    1|          0|
    |p_cast_cast_reg_549                     |   3|   0|    8|          5|
    |reg_133                                 |   3|   0|    3|          0|
    |shift_V_1_reg_569                       |   8|   0|    8|          0|
    |shift_V_4_reg_579                       |   8|   0|    8|          0|
    |tmp_12_reg_615                          |  28|   0|   28|          0|
    |tmp_14_reg_626                          |   1|   0|    1|          0|
    |tmp_3_reg_555                           |   1|   0|    1|          0|
    |tmp_4_reg_563                           |   1|   0|    1|          0|
    |tmp_5_reg_610                           |  23|   0|   23|          0|
    |tmp_6_reg_574                           |   1|   0|    1|          0|
    |tmp_9_reg_585                           |   1|   0|    1|          0|
    |xf_V_reg_620                            |  28|   0|   28|          0|
    +----------------------------------------+----+----+-----+-----------+
    |Total                                   | 226|   0|  233|          7|
    +----------------------------------------+----+----+-----+-----------+



================================================================
== Interface
================================================================
* Summary: 
+-----------+-----+-----+------------+----------------------+--------------+
| RTL Ports | Dir | Bits|  Protocol  |     Source Object    |    C Type    |
+-----------+-----+-----+------------+----------------------+--------------+
|ap_clk     |  in |    1| ap_ctrl_hs | operator_float_div10 | return value |
|ap_rst     |  in |    1| ap_ctrl_hs | operator_float_div10 | return value |
|ap_start   |  in |    1| ap_ctrl_hs | operator_float_div10 | return value |
|ap_done    | out |    1| ap_ctrl_hs | operator_float_div10 | return value |
|ap_idle    | out |    1| ap_ctrl_hs | operator_float_div10 | return value |
|ap_ready   | out |    1| ap_ctrl_hs | operator_float_div10 | return value |
|ap_return  | out |   32| ap_ctrl_hs | operator_float_div10 | return value |
|in_r       |  in |   32|   ap_none  |         in_r         |    scalar    |
+-----------+-----+-----+------------+----------------------+--------------+

