Copyright 1986-2018 Xilinx, Inc. All Rights Reserved.
-------------------------------------------------------------------------------------------------------
| Tool Version : Vivado v.2018.2 (lin64) Build 2258646 Thu Jun 14 20:02:38 MDT 2018
| Date         : Fri Aug 31 22:03:43 2018
| Host         : duazel-portable running 64-bit Ubuntu 16.04.5 LTS
| Command      : report_control_sets -verbose -file kernel_seidel_2d_optimized_control_sets_placed.rpt
| Design       : kernel_seidel_2d_optimized
| Device       : xc7k160t
-------------------------------------------------------------------------------------------------------

Control Set Information

Table of Contents
-----------------
1. Summary
2. Histogram
3. Flip-Flop Distribution
4. Detailed Control Set Information

1. Summary
----------

+----------------------------------------------------------+-------+
|                          Status                          | Count |
+----------------------------------------------------------+-------+
| Number of unique control sets                            |    41 |
| Unused register locations in slices containing registers |    72 |
+----------------------------------------------------------+-------+


2. Histogram
------------

+--------+--------------+
| Fanout | Control Sets |
+--------+--------------+
|      8 |            5 |
|     10 |            3 |
|     12 |            1 |
|    16+ |           32 |
+--------+--------------+


3. Flip-Flop Distribution
-------------------------

+--------------+-----------------------+------------------------+-----------------+--------------+
| Clock Enable | Synchronous Set/Reset | Asynchronous Set/Reset | Total Registers | Total Slices |
+--------------+-----------------------+------------------------+-----------------+--------------+
| No           | No                    | No                     |            2144 |          247 |
| No           | No                    | Yes                    |               0 |            0 |
| No           | Yes                   | No                     |            1764 |          223 |
| Yes          | No                    | No                     |            1930 |          276 |
| Yes          | No                    | Yes                    |               0 |            0 |
| Yes          | Yes                   | No                     |              90 |           13 |
+--------------+-----------------------+------------------------+-----------------+--------------+


4. Detailed Control Set Information
-----------------------------------

+--------------+-------------------------------------------------------------------------------------+-----------------------------------------------------------------------------------------------------------------------------------------------------------------------------------------------------------------------------------+------------------+----------------+
| Clock Signal |                                    Enable Signal                                    |                                                                                                          Set/Reset Signal                                                                                                         | Slice Load Count | Bel Load Count |
+--------------+-------------------------------------------------------------------------------------+-----------------------------------------------------------------------------------------------------------------------------------------------------------------------------------------------------------------------------------+------------------+----------------+
|  ap_clk      |                                                                                     | kernel_seidel_2d_bkb_U10/kernel_seidel_2d_optimized_ap_dadd_12_no_dsp_64_u/U0/i_synth/ADDSUB_OP.ADDSUB/SPEED_OP.LOGIC.OP/ALIGN_BLK/ALIGN_SHIFT/ALIGN_SHIFT/MUX_LOOP[1].SKEW_DIST_DEL.DEL_DIST/i_pipe/opt_has_pipe.first_q_reg[51] |                2 |              8 |
|  ap_clk      |                                                                                     | kernel_seidel_2d_bkb_U10/kernel_seidel_2d_optimized_ap_dadd_12_no_dsp_64_u/U0/i_synth/ADDSUB_OP.ADDSUB/SPEED_OP.LOGIC.OP/NORM/LZE/ENCODE[0].MUX_Z/OP_DEL/i_pipe/opt_has_pipe.first_q_reg[52]                                      |                1 |              8 |
|  ap_clk      |                                                                                     | kernel_seidel_2d_bkb_U10/kernel_seidel_2d_optimized_ap_dadd_12_no_dsp_64_u/U0/i_synth/ADDSUB_OP.ADDSUB/SPEED_OP.LOGIC.OP/NORM/LZE/ENCODE[0].MUX_Z/OP_DEL/i_pipe/first_q[1]                                                        |                1 |              8 |
|  ap_clk      | grp_int_57_div9_fu_206/grp_lut_div9_chunk_fu_142/E[0]                               |                                                                                                                                                                                                                                   |                1 |              8 |
|  ap_clk      | grp_int_57_div9_fu_206/grp_lut_div9_chunk_fu_142/grp_lut_div9_chunk_fu_142_ap_ready | ap_rst                                                                                                                                                                                                                            |                1 |              8 |
|  ap_clk      | t_reg_171[4]_i_2_n_2                                                                | t_reg_171                                                                                                                                                                                                                         |                1 |             10 |
|  ap_clk      | ap_CS_fsm_state2                                                                    |                                                                                                                                                                                                                                   |                3 |             10 |
|  ap_clk      | ap_CS_fsm_state136                                                                  | xf_V_7_reg_933[53]                                                                                                                                                                                                                |                2 |             10 |
|  ap_clk      | grp_int_57_div9_fu_206/grp_lut_div9_chunk_fu_142/q1_U/lut_div9_chunk_q1_rom_U/ce0   |                                                                                                                                                                                                                                   |                3 |             12 |
|  ap_clk      | ap_NS_fsm[8]                                                                        |                                                                                                                                                                                                                                   |                2 |             20 |
|  ap_clk      | ap_NS_fsm11_out                                                                     | i_reg_1820                                                                                                                                                                                                                        |                3 |             20 |
|  ap_clk      | ap_CS_fsm_state22                                                                   |                                                                                                                                                                                                                                   |                3 |             20 |
|  ap_clk      | ap_CS_fsm_state140                                                                  | ap_CS_fsm_state7                                                                                                                                                                                                                  |                2 |             20 |
|  ap_clk      | kernel_seidel_2d_eOg_U13/kernel_seidel_2d_eOg_DSP48_0_U/p_reg_reg_0[0]              |                                                                                                                                                                                                                                   |                2 |             20 |
|  ap_clk      | grp_int_57_div9_fu_206/grp_lut_div9_chunk_fu_142/ap_NS_fsm[1]                       | grp_int_57_div9_fu_206/grp_lut_div9_chunk_fu_142/p_Repl2_1_reg_944_reg[0]                                                                                                                                                         |                4 |             22 |
|  ap_clk      |                                                                                     | kernel_seidel_2d_bkb_U10/kernel_seidel_2d_optimized_ap_dadd_12_no_dsp_64_u/U0/i_synth/ADDSUB_OP.ADDSUB/SPEED_OP.LOGIC.OP/ALIGN_BLK/ABS_DELAY/i_pipe/opt_has_pipe.first_q_reg[54]                                                  |                3 |             32 |
|  ap_clk      |                                                                                     | kernel_seidel_2d_bkb_U10/kernel_seidel_2d_optimized_ap_dadd_12_no_dsp_64_u/U0/i_synth/ADDSUB_OP.ADDSUB/SPEED_OP.LOGIC.OP/ALIGN_BLK/ABS_DELAY/i_pipe/first_q[5]                                                                    |                3 |             32 |
|  ap_clk      |                                                                                     | kernel_seidel_2d_bkb_U10/kernel_seidel_2d_optimized_ap_dadd_12_no_dsp_64_u/U0/i_synth/ADDSUB_OP.ADDSUB/SPEED_OP.LOGIC.OP/NORM/LZE/ZERO_DET_CC_1/norm_dist_skew[1]                                                                 |                5 |             32 |
|  ap_clk      |                                                                                     | kernel_seidel_2d_bkb_U10/kernel_seidel_2d_optimized_ap_dadd_12_no_dsp_64_u/U0/i_synth/ADDSUB_OP.ADDSUB/SPEED_OP.LOGIC.OP/NORM/LZE/ZERO_DET_CC_1/opt_has_pipe.first_q_reg[40]                                                      |                3 |             32 |
|  ap_clk      | ap_CS_fsm_state52                                                                   |                                                                                                                                                                                                                                   |                8 |             40 |
|  ap_clk      | ap_CS_fsm_state37                                                                   |                                                                                                                                                                                                                                   |                5 |             40 |
|  ap_clk      | ap_CS_fsm_state128                                                                  |                                                                                                                                                                                                                                   |                8 |             46 |
|  ap_clk      | ap_CS_fsm_state127                                                                  |                                                                                                                                                                                                                                   |                8 |             48 |
|  ap_clk      | ap_CS_fsm_state23                                                                   |                                                                                                                                                                                                                                   |                5 |             60 |
|  ap_clk      |                                                                                     | kernel_seidel_2d_bkb_U10/kernel_seidel_2d_optimized_ap_dadd_12_no_dsp_64_u/U0/i_synth/ADDSUB_OP.ADDSUB/SPEED_OP.LOGIC.OP/EXP/DEC_STATE_PRE_OP_DELAY/i_pipe/op_state[5]                                                            |               14 |            102 |
|  ap_clk      |                                                                                     | kernel_seidel_2d_bkb_U10/kernel_seidel_2d_optimized_ap_dadd_12_no_dsp_64_u/U0/i_synth/ADDSUB_OP.ADDSUB/SPEED_OP.LOGIC.OP/EXP/COND_DET_A/EXP_DET_LUT.EXP_ALL_ZERO_DEL/i_pipe/opt_has_pipe.first_q_reg[24]                          |               16 |            104 |
|  ap_clk      | grp_int_57_div9_fu_206/grp_lut_div9_chunk_fu_142/ap_NS_fsm[1]                       |                                                                                                                                                                                                                                   |               18 |            104 |
|  ap_clk      | ap_CS_fsm_state136                                                                  |                                                                                                                                                                                                                                   |               18 |            104 |
|  ap_clk      | r_V_reg_9230                                                                        |                                                                                                                                                                                                                                   |               15 |            104 |
|  ap_clk      | ap_CS_fsm_state137                                                                  |                                                                                                                                                                                                                                   |               14 |            114 |
|  ap_clk      | r_V_1_reg_9280                                                                      |                                                                                                                                                                                                                                   |               18 |            114 |
|  ap_clk      | grp_int_57_div9_fu_206/ap_NS_fsm127_out                                             |                                                                                                                                                                                                                                   |               15 |            114 |
|  ap_clk      | ap_CS_fsm_state7                                                                    |                                                                                                                                                                                                                                   |               12 |            120 |
|  ap_clk      | ap_CS_fsm_state9                                                                    |                                                                                                                                                                                                                                   |               14 |            120 |
|  ap_clk      | ap_CS_fsm_state13                                                                   |                                                                                                                                                                                                                                   |               21 |            128 |
|  ap_clk      | ap_CS_fsm_state126                                                                  |                                                                                                                                                                                                                                   |               23 |            128 |
|  ap_clk      | reg_227[63]_i_1_n_2                                                                 |                                                                                                                                                                                                                                   |               22 |            128 |
|  ap_clk      | reg_2340                                                                            |                                                                                                                                                                                                                                   |               13 |            128 |
|  ap_clk      | ap_CS_fsm_state51                                                                   |                                                                                                                                                                                                                                   |               25 |            200 |
|  ap_clk      |                                                                                     | ap_rst                                                                                                                                                                                                                            |              175 |           1406 |
|  ap_clk      |                                                                                     |                                                                                                                                                                                                                                   |              259 |           2246 |
+--------------+-------------------------------------------------------------------------------------+-----------------------------------------------------------------------------------------------------------------------------------------------------------------------------------------------------------------------------------+------------------+----------------+


