

================================================================
== Vivado HLS Report for 'lut_mul11_chunk'
================================================================
* Date:           Wed Aug 29 10:07:46 2018

* Version:        2018.2 (Build 2258646 on Thu Jun 14 20:25:20 MDT 2018)
* Project:        int_mul
* Solution:       mul11
* Product family: kintex7
* Target device:  xc7k160tfbg484-1


================================================================
== Performance Estimates
================================================================
+ Timing (ns): 
    * Summary: 
    +--------+-------+----------+------------+
    |  Clock | Target| Estimated| Uncertainty|
    +--------+-------+----------+------------+
    |ap_clk  |   2.50|     1.332|        0.31|
    +--------+-------+----------+------------+

+ Latency (clock cycles): 
    * Summary: 
    +-----+-----+-----+-----+---------+
    |  Latency  |  Interval | Pipeline|
    | min | max | min | max |   Type  |
    +-----+-----+-----+-----+---------+
    |    2|    2|    2|    2|   none  |
    +-----+-----+-----+-----+---------+

    + Detail: 
        * Instance: 
        N/A

        * Loop: 
        N/A



================================================================
== Utilization Estimates
================================================================
* Summary: 
+-----------------+---------+-------+--------+--------+
|       Name      | BRAM_18K| DSP48E|   FF   |   LUT  |
+-----------------+---------+-------+--------+--------+
|DSP              |        -|      -|       -|       -|
|Expression       |        -|      -|       -|       -|
|FIFO             |        -|      -|       -|       -|
|Instance         |        -|      -|       -|       -|
|Memory           |        0|      -|      10|      10|
|Multiplexer      |        -|      -|       -|      24|
|Register         |        -|      -|      22|       -|
+-----------------+---------+-------+--------+--------+
|Total            |        0|      0|      32|      34|
+-----------------+---------+-------+--------+--------+
|Available        |      650|    600|  202800|  101400|
+-----------------+---------+-------+--------+--------+
|Utilization (%)  |        0|      0|   ~0   |   ~0   |
+-----------------+---------+-------+--------+--------+

+ Detail: 
    * Instance: 
    N/A

    * DSP48: 
    N/A

    * Memory: 
    +-------+--------------------+---------+---+----+------+-----+------+-------------+
    | Memory|       Module       | BRAM_18K| FF| LUT| Words| Bits| Banks| W*Bits*Banks|
    +-------+--------------------+---------+---+----+------+-----+------+-------------+
    |q0_U   |lut_mul11_chunk_q0  |        0|  1|   1|    64|    1|     1|           64|
    |q1_U   |lut_mul11_chunk_q1  |        0|  1|   1|    64|    1|     1|           64|
    |q2_U   |lut_mul11_chunk_q2  |        0|  1|   1|    64|    1|     1|           64|
    |q3_U   |lut_mul11_chunk_q3  |        0|  1|   1|    64|    1|     1|           64|
    |q4_U   |lut_mul11_chunk_q4  |        0|  1|   1|    64|    1|     1|           64|
    |q5_U   |lut_mul11_chunk_q5  |        0|  1|   1|    64|    1|     1|           64|
    |q6_U   |lut_mul11_chunk_q6  |        0|  1|   1|    64|    1|     1|           64|
    |q7_U   |lut_mul11_chunk_q7  |        0|  1|   1|    64|    1|     1|           64|
    |q8_U   |lut_mul11_chunk_q8  |        0|  1|   1|    64|    1|     1|           64|
    |q9_U   |lut_mul11_chunk_q9  |        0|  1|   1|    64|    1|     1|           64|
    +-------+--------------------+---------+---+----+------+-----+------+-------------+
    |Total  |                    |        0| 10|  10|   640|   10|    10|          640|
    +-------+--------------------+---------+---+----+------+-----+------+-------------+

    * FIFO: 
    N/A

    * Expression: 
    N/A

    * Multiplexer: 
    +-----------+----+-----------+-----+-----------+
    |    Name   | LUT| Input Size| Bits| Total Bits|
    +-----------+----+-----------+-----+-----------+
    |ap_NS_fsm  |  15|          3|    1|          3|
    |ap_return  |   9|          2|   10|         20|
    +-----------+----+-----------+-----+-----------+
    |Total      |  24|          5|   11|         23|
    +-----------+----+-----------+-----+-----------+

    * Register: 
    +----------------+----+----+-----+-----------+
    |      Name      | FF | LUT| Bits| Const Bits|
    +----------------+----+----+-----+-----------+
    |ap_CS_fsm       |   2|   0|    2|          0|
    |ap_return       |  10|   0|   10|          0|
    |ap_return_preg  |  10|   0|   10|          0|
    +----------------+----+----+-----+-----------+
    |Total           |  22|   0|   22|          0|
    +----------------+----+----+-----+-----------+



================================================================
== Interface
================================================================
* Summary: 
+-----------+-----+-----+------------+-----------------+--------------+
| RTL Ports | Dir | Bits|  Protocol  |  Source Object  |    C Type    |
+-----------+-----+-----+------------+-----------------+--------------+
|ap_clk     |  in |    1| ap_ctrl_hs | lut_mul11_chunk | return value |
|ap_rst     |  in |    1| ap_ctrl_hs | lut_mul11_chunk | return value |
|ap_start   |  in |    1| ap_ctrl_hs | lut_mul11_chunk | return value |
|ap_done    | out |    1| ap_ctrl_hs | lut_mul11_chunk | return value |
|ap_idle    | out |    1| ap_ctrl_hs | lut_mul11_chunk | return value |
|ap_ready   | out |    1| ap_ctrl_hs | lut_mul11_chunk | return value |
|ap_return  | out |   10| ap_ctrl_hs | lut_mul11_chunk | return value |
|d_V        |  in |    6|   ap_none  |       d_V       |    scalar    |
+-----------+-----+-----+------------+-----------------+--------------+

