

================================================================
== Vivado HLS Report for 'operator_int_div5'
================================================================
* Date:           Fri Aug 31 16:23:01 2018

* Version:        2018.2 (Build 2258646 on Thu Jun 14 20:25:20 MDT 2018)
* Project:        operator_int_div
* Solution:       div5
* Product family: kintex7
* Target device:  xc7k160tfbg484-1


================================================================
== Performance Estimates
================================================================
+ Timing (ns): 
    * Summary: 
    +--------+-------+----------+------------+
    |  Clock | Target| Estimated| Uncertainty|
    +--------+-------+----------+------------+
    |ap_clk  |   2.50|     1.465|        0.31|
    +--------+-------+----------+------------+

+ Latency (clock cycles): 
    * Summary: 
    +-----+-----+-----+-----+---------+
    |  Latency  |  Interval | Pipeline|
    | min | max | min | max |   Type  |
    +-----+-----+-----+-----+---------+
    |   32|   32|   32|   32|   none  |
    +-----+-----+-----+-----+---------+

    + Detail: 
        * Instance: 
        N/A

        * Loop: 
        N/A

============================================================
+ Verbose Summary: Synthesis Manager
============================================================
InlineROM: 1
ExposeGlobal: 0
============================================================
+ Verbose Summary: CDFG Model
============================================================
IsTopModel: 1
ResetActiveHigh: 1
IsCombinational: 0
IsDatapathOnly: 0
HasWiredReturn: 1
HasMFsm: 0
HasVarLatency: 1
IsPipeline: 0
IsRtlPipelined: 0
IsInstanceOverlapped: 0
IsDontTouch: 0
HasImplIP: 0
IsGatedGlobalClock: 0


============================================================
+ Verbose Summary: Schedule
============================================================
* Number of FSM states : 22
* Pipeline : 0
* Dataflow Pipeline: 0

* FSM state transitions: 
1 --> 
	2  / true
2 --> 
	3  / true
3 --> 
	4  / true
4 --> 
	5  / true
5 --> 
	6  / true
6 --> 
	7  / true
7 --> 
	8  / true
8 --> 
	9  / true
9 --> 
	10  / true
10 --> 
	11  / true
11 --> 
	12  / true
12 --> 
	13  / true
13 --> 
	14  / true
14 --> 
	15  / true
15 --> 
	16  / true
16 --> 
	17  / true
17 --> 
	18  / true
18 --> 
	19  / true
19 --> 
	20  / true
20 --> 
	21  / true
21 --> 
	22  / true
22 --> 

* FSM state operations: 

State 1 <SV = 0> <Delay = 1.46>
ST_1 : Operation 23 [1/1] (0.00ns)   --->   "%in_read = call i32 @_ssdm_op_Read.ap_auto.i32(i32 %in_r) nounwind"   --->   Operation 23 'read' 'in_read' <Predicate = true> <Delay = 0.00>
ST_1 : Operation 24 [1/1] (0.00ns)   --->   "%p_Result_i = call i2 @_ssdm_op_PartSelect.i2.i32.i32.i32(i32 %in_read, i32 30, i32 31) nounwind" [test.cpp:128->test.cpp:165]   --->   Operation 24 'partselect' 'p_Result_i' <Predicate = true> <Delay = 0.00>
ST_1 : Operation 25 [1/1] (0.00ns)   --->   "%d_chunk_V = zext i2 %p_Result_i to i3" [test.cpp:128->test.cpp:165]   --->   Operation 25 'zext' 'd_chunk_V' <Predicate = true> <Delay = 0.00>
ST_1 : Operation 26 [2/2] (1.46ns)   --->   "%call_ret1_i = call fastcc { i3, i3 } @lut_div5_chunk(i3 %d_chunk_V, i3 0) nounwind" [test.cpp:129->test.cpp:165]   --->   Operation 26 'call' 'call_ret1_i' <Predicate = true> <Delay = 1.46> <CoreType = "Generic">   --->   Core 0 '' <Latency = 0> <II = 1> <Delay = 1.00> <Generic> <Opcode : >
ST_1 : Operation 27 [1/1] (0.00ns)   --->   "%d_chunk_V_1 = call i3 @_ssdm_op_PartSelect.i3.i32.i32.i32(i32 %in_read, i32 27, i32 29) nounwind" [test.cpp:131->test.cpp:165]   --->   Operation 27 'partselect' 'd_chunk_V_1' <Predicate = true> <Delay = 0.00>
ST_1 : Operation 28 [1/1] (0.00ns)   --->   "%d_chunk_V_2 = call i3 @_ssdm_op_PartSelect.i3.i32.i32.i32(i32 %in_read, i32 24, i32 26) nounwind" [test.cpp:134->test.cpp:165]   --->   Operation 28 'partselect' 'd_chunk_V_2' <Predicate = true> <Delay = 0.00>
ST_1 : Operation 29 [1/1] (0.00ns)   --->   "%d_chunk_V_3 = call i3 @_ssdm_op_PartSelect.i3.i32.i32.i32(i32 %in_read, i32 21, i32 23) nounwind" [test.cpp:137->test.cpp:165]   --->   Operation 29 'partselect' 'd_chunk_V_3' <Predicate = true> <Delay = 0.00>
ST_1 : Operation 30 [1/1] (0.00ns)   --->   "%d_chunk_V_4 = call i3 @_ssdm_op_PartSelect.i3.i32.i32.i32(i32 %in_read, i32 18, i32 20) nounwind" [test.cpp:140->test.cpp:165]   --->   Operation 30 'partselect' 'd_chunk_V_4' <Predicate = true> <Delay = 0.00>
ST_1 : Operation 31 [1/1] (0.00ns)   --->   "%d_chunk_V_5 = call i3 @_ssdm_op_PartSelect.i3.i32.i32.i32(i32 %in_read, i32 15, i32 17) nounwind" [test.cpp:143->test.cpp:165]   --->   Operation 31 'partselect' 'd_chunk_V_5' <Predicate = true> <Delay = 0.00>
ST_1 : Operation 32 [1/1] (0.00ns)   --->   "%d_chunk_V_6 = call i3 @_ssdm_op_PartSelect.i3.i32.i32.i32(i32 %in_read, i32 12, i32 14) nounwind" [test.cpp:146->test.cpp:165]   --->   Operation 32 'partselect' 'd_chunk_V_6' <Predicate = true> <Delay = 0.00>
ST_1 : Operation 33 [1/1] (0.00ns)   --->   "%d_chunk_V_7 = call i3 @_ssdm_op_PartSelect.i3.i32.i32.i32(i32 %in_read, i32 9, i32 11) nounwind" [test.cpp:149->test.cpp:165]   --->   Operation 33 'partselect' 'd_chunk_V_7' <Predicate = true> <Delay = 0.00>
ST_1 : Operation 34 [1/1] (0.00ns)   --->   "%d_chunk_V_8 = call i3 @_ssdm_op_PartSelect.i3.i32.i32.i32(i32 %in_read, i32 6, i32 8) nounwind" [test.cpp:152->test.cpp:165]   --->   Operation 34 'partselect' 'd_chunk_V_8' <Predicate = true> <Delay = 0.00>
ST_1 : Operation 35 [1/1] (0.00ns)   --->   "%d_chunk_V_9 = call i3 @_ssdm_op_PartSelect.i3.i32.i32.i32(i32 %in_read, i32 3, i32 5) nounwind" [test.cpp:155->test.cpp:165]   --->   Operation 35 'partselect' 'd_chunk_V_9' <Predicate = true> <Delay = 0.00>
ST_1 : Operation 36 [1/1] (0.00ns)   --->   "%d_chunk_V_10 = trunc i32 %in_read to i3" [test.cpp:158->test.cpp:165]   --->   Operation 36 'trunc' 'd_chunk_V_10' <Predicate = true> <Delay = 0.00>

State 2 <SV = 1> <Delay = 1.33>
ST_2 : Operation 37 [1/2] (1.33ns)   --->   "%call_ret1_i = call fastcc { i3, i3 } @lut_div5_chunk(i3 %d_chunk_V, i3 0) nounwind" [test.cpp:129->test.cpp:165]   --->   Operation 37 'call' 'call_ret1_i' <Predicate = true> <Delay = 1.33> <CoreType = "Generic">   --->   Core 0 '' <Latency = 0> <II = 1> <Delay = 1.00> <Generic> <Opcode : >
ST_2 : Operation 38 [1/1] (0.00ns)   --->   "%q_chunk_V_11 = extractvalue { i3, i3 } %call_ret1_i, 0" [test.cpp:129->test.cpp:165]   --->   Operation 38 'extractvalue' 'q_chunk_V_11' <Predicate = true> <Delay = 0.00>
ST_2 : Operation 39 [1/1] (0.00ns)   --->   "%r_V = extractvalue { i3, i3 } %call_ret1_i, 1" [test.cpp:129->test.cpp:165]   --->   Operation 39 'extractvalue' 'r_V' <Predicate = true> <Delay = 0.00>
ST_2 : Operation 40 [1/1] (0.00ns)   --->   "%tmp = trunc i3 %q_chunk_V_11 to i2" [test.cpp:130->test.cpp:165]   --->   Operation 40 'trunc' 'tmp' <Predicate = true> <Delay = 0.00>

State 3 <SV = 2> <Delay = 1.46>
ST_3 : Operation 41 [2/2] (1.46ns)   --->   "%call_ret2_i = call fastcc { i3, i3 } @lut_div5_chunk(i3 %d_chunk_V_1, i3 %r_V) nounwind" [test.cpp:132->test.cpp:165]   --->   Operation 41 'call' 'call_ret2_i' <Predicate = true> <Delay = 1.46> <CoreType = "Generic">   --->   Core 0 '' <Latency = 0> <II = 1> <Delay = 1.00> <Generic> <Opcode : >

State 4 <SV = 3> <Delay = 1.33>
ST_4 : Operation 42 [1/2] (1.33ns)   --->   "%call_ret2_i = call fastcc { i3, i3 } @lut_div5_chunk(i3 %d_chunk_V_1, i3 %r_V) nounwind" [test.cpp:132->test.cpp:165]   --->   Operation 42 'call' 'call_ret2_i' <Predicate = true> <Delay = 1.33> <CoreType = "Generic">   --->   Core 0 '' <Latency = 0> <II = 1> <Delay = 1.00> <Generic> <Opcode : >
ST_4 : Operation 43 [1/1] (0.00ns)   --->   "%q_chunk_V = extractvalue { i3, i3 } %call_ret2_i, 0" [test.cpp:132->test.cpp:165]   --->   Operation 43 'extractvalue' 'q_chunk_V' <Predicate = true> <Delay = 0.00>
ST_4 : Operation 44 [1/1] (0.00ns)   --->   "%r_V_1 = extractvalue { i3, i3 } %call_ret2_i, 1" [test.cpp:132->test.cpp:165]   --->   Operation 44 'extractvalue' 'r_V_1' <Predicate = true> <Delay = 0.00>

State 5 <SV = 4> <Delay = 1.46>
ST_5 : Operation 45 [2/2] (1.46ns)   --->   "%call_ret3_i = call fastcc { i3, i3 } @lut_div5_chunk(i3 %d_chunk_V_2, i3 %r_V_1) nounwind" [test.cpp:135->test.cpp:165]   --->   Operation 45 'call' 'call_ret3_i' <Predicate = true> <Delay = 1.46> <CoreType = "Generic">   --->   Core 0 '' <Latency = 0> <II = 1> <Delay = 1.00> <Generic> <Opcode : >

State 6 <SV = 5> <Delay = 1.33>
ST_6 : Operation 46 [1/2] (1.33ns)   --->   "%call_ret3_i = call fastcc { i3, i3 } @lut_div5_chunk(i3 %d_chunk_V_2, i3 %r_V_1) nounwind" [test.cpp:135->test.cpp:165]   --->   Operation 46 'call' 'call_ret3_i' <Predicate = true> <Delay = 1.33> <CoreType = "Generic">   --->   Core 0 '' <Latency = 0> <II = 1> <Delay = 1.00> <Generic> <Opcode : >
ST_6 : Operation 47 [1/1] (0.00ns)   --->   "%q_chunk_V_1 = extractvalue { i3, i3 } %call_ret3_i, 0" [test.cpp:135->test.cpp:165]   --->   Operation 47 'extractvalue' 'q_chunk_V_1' <Predicate = true> <Delay = 0.00>
ST_6 : Operation 48 [1/1] (0.00ns)   --->   "%r_V_2 = extractvalue { i3, i3 } %call_ret3_i, 1" [test.cpp:135->test.cpp:165]   --->   Operation 48 'extractvalue' 'r_V_2' <Predicate = true> <Delay = 0.00>

State 7 <SV = 6> <Delay = 1.46>
ST_7 : Operation 49 [2/2] (1.46ns)   --->   "%call_ret4_i = call fastcc { i3, i3 } @lut_div5_chunk(i3 %d_chunk_V_3, i3 %r_V_2) nounwind" [test.cpp:138->test.cpp:165]   --->   Operation 49 'call' 'call_ret4_i' <Predicate = true> <Delay = 1.46> <CoreType = "Generic">   --->   Core 0 '' <Latency = 0> <II = 1> <Delay = 1.00> <Generic> <Opcode : >

State 8 <SV = 7> <Delay = 1.33>
ST_8 : Operation 50 [1/2] (1.33ns)   --->   "%call_ret4_i = call fastcc { i3, i3 } @lut_div5_chunk(i3 %d_chunk_V_3, i3 %r_V_2) nounwind" [test.cpp:138->test.cpp:165]   --->   Operation 50 'call' 'call_ret4_i' <Predicate = true> <Delay = 1.33> <CoreType = "Generic">   --->   Core 0 '' <Latency = 0> <II = 1> <Delay = 1.00> <Generic> <Opcode : >
ST_8 : Operation 51 [1/1] (0.00ns)   --->   "%q_chunk_V_2 = extractvalue { i3, i3 } %call_ret4_i, 0" [test.cpp:138->test.cpp:165]   --->   Operation 51 'extractvalue' 'q_chunk_V_2' <Predicate = true> <Delay = 0.00>
ST_8 : Operation 52 [1/1] (0.00ns)   --->   "%r_V_3 = extractvalue { i3, i3 } %call_ret4_i, 1" [test.cpp:138->test.cpp:165]   --->   Operation 52 'extractvalue' 'r_V_3' <Predicate = true> <Delay = 0.00>

State 9 <SV = 8> <Delay = 1.46>
ST_9 : Operation 53 [2/2] (1.46ns)   --->   "%call_ret5_i = call fastcc { i3, i3 } @lut_div5_chunk(i3 %d_chunk_V_4, i3 %r_V_3) nounwind" [test.cpp:141->test.cpp:165]   --->   Operation 53 'call' 'call_ret5_i' <Predicate = true> <Delay = 1.46> <CoreType = "Generic">   --->   Core 0 '' <Latency = 0> <II = 1> <Delay = 1.00> <Generic> <Opcode : >

State 10 <SV = 9> <Delay = 1.33>
ST_10 : Operation 54 [1/2] (1.33ns)   --->   "%call_ret5_i = call fastcc { i3, i3 } @lut_div5_chunk(i3 %d_chunk_V_4, i3 %r_V_3) nounwind" [test.cpp:141->test.cpp:165]   --->   Operation 54 'call' 'call_ret5_i' <Predicate = true> <Delay = 1.33> <CoreType = "Generic">   --->   Core 0 '' <Latency = 0> <II = 1> <Delay = 1.00> <Generic> <Opcode : >
ST_10 : Operation 55 [1/1] (0.00ns)   --->   "%q_chunk_V_3 = extractvalue { i3, i3 } %call_ret5_i, 0" [test.cpp:141->test.cpp:165]   --->   Operation 55 'extractvalue' 'q_chunk_V_3' <Predicate = true> <Delay = 0.00>
ST_10 : Operation 56 [1/1] (0.00ns)   --->   "%r_V_4 = extractvalue { i3, i3 } %call_ret5_i, 1" [test.cpp:141->test.cpp:165]   --->   Operation 56 'extractvalue' 'r_V_4' <Predicate = true> <Delay = 0.00>

State 11 <SV = 10> <Delay = 1.46>
ST_11 : Operation 57 [2/2] (1.46ns)   --->   "%call_ret6_i = call fastcc { i3, i3 } @lut_div5_chunk(i3 %d_chunk_V_5, i3 %r_V_4) nounwind" [test.cpp:144->test.cpp:165]   --->   Operation 57 'call' 'call_ret6_i' <Predicate = true> <Delay = 1.46> <CoreType = "Generic">   --->   Core 0 '' <Latency = 0> <II = 1> <Delay = 1.00> <Generic> <Opcode : >

State 12 <SV = 11> <Delay = 1.33>
ST_12 : Operation 58 [1/2] (1.33ns)   --->   "%call_ret6_i = call fastcc { i3, i3 } @lut_div5_chunk(i3 %d_chunk_V_5, i3 %r_V_4) nounwind" [test.cpp:144->test.cpp:165]   --->   Operation 58 'call' 'call_ret6_i' <Predicate = true> <Delay = 1.33> <CoreType = "Generic">   --->   Core 0 '' <Latency = 0> <II = 1> <Delay = 1.00> <Generic> <Opcode : >
ST_12 : Operation 59 [1/1] (0.00ns)   --->   "%q_chunk_V_4 = extractvalue { i3, i3 } %call_ret6_i, 0" [test.cpp:144->test.cpp:165]   --->   Operation 59 'extractvalue' 'q_chunk_V_4' <Predicate = true> <Delay = 0.00>
ST_12 : Operation 60 [1/1] (0.00ns)   --->   "%r_V_5 = extractvalue { i3, i3 } %call_ret6_i, 1" [test.cpp:144->test.cpp:165]   --->   Operation 60 'extractvalue' 'r_V_5' <Predicate = true> <Delay = 0.00>

State 13 <SV = 12> <Delay = 1.46>
ST_13 : Operation 61 [2/2] (1.46ns)   --->   "%call_ret7_i = call fastcc { i3, i3 } @lut_div5_chunk(i3 %d_chunk_V_6, i3 %r_V_5) nounwind" [test.cpp:147->test.cpp:165]   --->   Operation 61 'call' 'call_ret7_i' <Predicate = true> <Delay = 1.46> <CoreType = "Generic">   --->   Core 0 '' <Latency = 0> <II = 1> <Delay = 1.00> <Generic> <Opcode : >

State 14 <SV = 13> <Delay = 1.33>
ST_14 : Operation 62 [1/2] (1.33ns)   --->   "%call_ret7_i = call fastcc { i3, i3 } @lut_div5_chunk(i3 %d_chunk_V_6, i3 %r_V_5) nounwind" [test.cpp:147->test.cpp:165]   --->   Operation 62 'call' 'call_ret7_i' <Predicate = true> <Delay = 1.33> <CoreType = "Generic">   --->   Core 0 '' <Latency = 0> <II = 1> <Delay = 1.00> <Generic> <Opcode : >
ST_14 : Operation 63 [1/1] (0.00ns)   --->   "%q_chunk_V_5 = extractvalue { i3, i3 } %call_ret7_i, 0" [test.cpp:147->test.cpp:165]   --->   Operation 63 'extractvalue' 'q_chunk_V_5' <Predicate = true> <Delay = 0.00>
ST_14 : Operation 64 [1/1] (0.00ns)   --->   "%r_V_6 = extractvalue { i3, i3 } %call_ret7_i, 1" [test.cpp:147->test.cpp:165]   --->   Operation 64 'extractvalue' 'r_V_6' <Predicate = true> <Delay = 0.00>

State 15 <SV = 14> <Delay = 1.46>
ST_15 : Operation 65 [2/2] (1.46ns)   --->   "%call_ret8_i = call fastcc { i3, i3 } @lut_div5_chunk(i3 %d_chunk_V_7, i3 %r_V_6) nounwind" [test.cpp:150->test.cpp:165]   --->   Operation 65 'call' 'call_ret8_i' <Predicate = true> <Delay = 1.46> <CoreType = "Generic">   --->   Core 0 '' <Latency = 0> <II = 1> <Delay = 1.00> <Generic> <Opcode : >

State 16 <SV = 15> <Delay = 1.33>
ST_16 : Operation 66 [1/2] (1.33ns)   --->   "%call_ret8_i = call fastcc { i3, i3 } @lut_div5_chunk(i3 %d_chunk_V_7, i3 %r_V_6) nounwind" [test.cpp:150->test.cpp:165]   --->   Operation 66 'call' 'call_ret8_i' <Predicate = true> <Delay = 1.33> <CoreType = "Generic">   --->   Core 0 '' <Latency = 0> <II = 1> <Delay = 1.00> <Generic> <Opcode : >
ST_16 : Operation 67 [1/1] (0.00ns)   --->   "%q_chunk_V_6 = extractvalue { i3, i3 } %call_ret8_i, 0" [test.cpp:150->test.cpp:165]   --->   Operation 67 'extractvalue' 'q_chunk_V_6' <Predicate = true> <Delay = 0.00>
ST_16 : Operation 68 [1/1] (0.00ns)   --->   "%r_V_7 = extractvalue { i3, i3 } %call_ret8_i, 1" [test.cpp:150->test.cpp:165]   --->   Operation 68 'extractvalue' 'r_V_7' <Predicate = true> <Delay = 0.00>

State 17 <SV = 16> <Delay = 1.46>
ST_17 : Operation 69 [2/2] (1.46ns)   --->   "%call_ret9_i = call fastcc { i3, i3 } @lut_div5_chunk(i3 %d_chunk_V_8, i3 %r_V_7) nounwind" [test.cpp:153->test.cpp:165]   --->   Operation 69 'call' 'call_ret9_i' <Predicate = true> <Delay = 1.46> <CoreType = "Generic">   --->   Core 0 '' <Latency = 0> <II = 1> <Delay = 1.00> <Generic> <Opcode : >

State 18 <SV = 17> <Delay = 1.33>
ST_18 : Operation 70 [1/2] (1.33ns)   --->   "%call_ret9_i = call fastcc { i3, i3 } @lut_div5_chunk(i3 %d_chunk_V_8, i3 %r_V_7) nounwind" [test.cpp:153->test.cpp:165]   --->   Operation 70 'call' 'call_ret9_i' <Predicate = true> <Delay = 1.33> <CoreType = "Generic">   --->   Core 0 '' <Latency = 0> <II = 1> <Delay = 1.00> <Generic> <Opcode : >
ST_18 : Operation 71 [1/1] (0.00ns)   --->   "%q_chunk_V_7 = extractvalue { i3, i3 } %call_ret9_i, 0" [test.cpp:153->test.cpp:165]   --->   Operation 71 'extractvalue' 'q_chunk_V_7' <Predicate = true> <Delay = 0.00>
ST_18 : Operation 72 [1/1] (0.00ns)   --->   "%r_V_8 = extractvalue { i3, i3 } %call_ret9_i, 1" [test.cpp:153->test.cpp:165]   --->   Operation 72 'extractvalue' 'r_V_8' <Predicate = true> <Delay = 0.00>

State 19 <SV = 18> <Delay = 1.46>
ST_19 : Operation 73 [2/2] (1.46ns)   --->   "%call_ret10_i = call fastcc { i3, i3 } @lut_div5_chunk(i3 %d_chunk_V_9, i3 %r_V_8) nounwind" [test.cpp:156->test.cpp:165]   --->   Operation 73 'call' 'call_ret10_i' <Predicate = true> <Delay = 1.46> <CoreType = "Generic">   --->   Core 0 '' <Latency = 0> <II = 1> <Delay = 1.00> <Generic> <Opcode : >

State 20 <SV = 19> <Delay = 1.33>
ST_20 : Operation 74 [1/2] (1.33ns)   --->   "%call_ret10_i = call fastcc { i3, i3 } @lut_div5_chunk(i3 %d_chunk_V_9, i3 %r_V_8) nounwind" [test.cpp:156->test.cpp:165]   --->   Operation 74 'call' 'call_ret10_i' <Predicate = true> <Delay = 1.33> <CoreType = "Generic">   --->   Core 0 '' <Latency = 0> <II = 1> <Delay = 1.00> <Generic> <Opcode : >
ST_20 : Operation 75 [1/1] (0.00ns)   --->   "%q_chunk_V_8 = extractvalue { i3, i3 } %call_ret10_i, 0" [test.cpp:156->test.cpp:165]   --->   Operation 75 'extractvalue' 'q_chunk_V_8' <Predicate = true> <Delay = 0.00>
ST_20 : Operation 76 [1/1] (0.00ns)   --->   "%r_V_9 = extractvalue { i3, i3 } %call_ret10_i, 1" [test.cpp:156->test.cpp:165]   --->   Operation 76 'extractvalue' 'r_V_9' <Predicate = true> <Delay = 0.00>

State 21 <SV = 20> <Delay = 1.46>
ST_21 : Operation 77 [2/2] (1.46ns)   --->   "%call_ret_i = call fastcc { i3, i3 } @lut_div5_chunk(i3 %d_chunk_V_10, i3 %r_V_9) nounwind" [test.cpp:159->test.cpp:165]   --->   Operation 77 'call' 'call_ret_i' <Predicate = true> <Delay = 1.46> <CoreType = "Generic">   --->   Core 0 '' <Latency = 0> <II = 1> <Delay = 1.00> <Generic> <Opcode : >

State 22 <SV = 21> <Delay = 1.33>
ST_22 : Operation 78 [1/1] (0.00ns)   --->   "call void (...)* @_ssdm_op_SpecBitsMap(i32 %in_r) nounwind, !map !124"   --->   Operation 78 'specbitsmap' <Predicate = true> <Delay = 0.00>
ST_22 : Operation 79 [1/1] (0.00ns)   --->   "call void (...)* @_ssdm_op_SpecBitsMap(i32 0) nounwind, !map !130"   --->   Operation 79 'specbitsmap' <Predicate = true> <Delay = 0.00>
ST_22 : Operation 80 [1/1] (0.00ns)   --->   "call void (...)* @_ssdm_op_SpecTopModule([18 x i8]* @operator_int_div5_st) nounwind"   --->   Operation 80 'spectopmodule' <Predicate = true> <Delay = 0.00>
ST_22 : Operation 81 [1/2] (1.33ns)   --->   "%call_ret_i = call fastcc { i3, i3 } @lut_div5_chunk(i3 %d_chunk_V_10, i3 %r_V_9) nounwind" [test.cpp:159->test.cpp:165]   --->   Operation 81 'call' 'call_ret_i' <Predicate = true> <Delay = 1.33> <CoreType = "Generic">   --->   Core 0 '' <Latency = 0> <II = 1> <Delay = 1.00> <Generic> <Opcode : >
ST_22 : Operation 82 [1/1] (0.00ns)   --->   "%q_chunk_V_9 = extractvalue { i3, i3 } %call_ret_i, 0" [test.cpp:159->test.cpp:165]   --->   Operation 82 'extractvalue' 'q_chunk_V_9' <Predicate = true> <Delay = 0.00>
ST_22 : Operation 83 [1/1] (0.00ns)   --->   "%p_Result_s = call i32 @_ssdm_op_BitConcatenate.i32.i2.i3.i3.i3.i3.i3.i3.i3.i3.i3.i3(i2 %tmp, i3 %q_chunk_V, i3 %q_chunk_V_1, i3 %q_chunk_V_2, i3 %q_chunk_V_3, i3 %q_chunk_V_4, i3 %q_chunk_V_5, i3 %q_chunk_V_6, i3 %q_chunk_V_7, i3 %q_chunk_V_8, i3 %q_chunk_V_9) nounwind" [test.cpp:160->test.cpp:165]   --->   Operation 83 'bitconcatenate' 'p_Result_s' <Predicate = true> <Delay = 0.00>
ST_22 : Operation 84 [1/1] (0.00ns)   --->   "ret i32 %p_Result_s" [test.cpp:165]   --->   Operation 84 'ret' <Predicate = true> <Delay = 0.00>


============================================================
+ Verbose Summary: Timing violations
============================================================
Target clock period: 2.5ns, clock uncertainty: 0.312ns.

 <State 1>: 1.46ns
The critical path consists of the following:
	wire read on port 'in_r' [11]  (0 ns)
	'call' operation ('call_ret1_i', test.cpp:129->test.cpp:165) to 'lut_div5_chunk' [14]  (1.46 ns)

 <State 2>: 1.33ns
The critical path consists of the following:
	'call' operation ('call_ret1_i', test.cpp:129->test.cpp:165) to 'lut_div5_chunk' [14]  (1.33 ns)

 <State 3>: 1.46ns
The critical path consists of the following:
	'call' operation ('call_ret2_i', test.cpp:132->test.cpp:165) to 'lut_div5_chunk' [19]  (1.46 ns)

 <State 4>: 1.33ns
The critical path consists of the following:
	'call' operation ('call_ret2_i', test.cpp:132->test.cpp:165) to 'lut_div5_chunk' [19]  (1.33 ns)

 <State 5>: 1.46ns
The critical path consists of the following:
	'call' operation ('call_ret3_i', test.cpp:135->test.cpp:165) to 'lut_div5_chunk' [23]  (1.46 ns)

 <State 6>: 1.33ns
The critical path consists of the following:
	'call' operation ('call_ret3_i', test.cpp:135->test.cpp:165) to 'lut_div5_chunk' [23]  (1.33 ns)

 <State 7>: 1.46ns
The critical path consists of the following:
	'call' operation ('call_ret4_i', test.cpp:138->test.cpp:165) to 'lut_div5_chunk' [27]  (1.46 ns)

 <State 8>: 1.33ns
The critical path consists of the following:
	'call' operation ('call_ret4_i', test.cpp:138->test.cpp:165) to 'lut_div5_chunk' [27]  (1.33 ns)

 <State 9>: 1.46ns
The critical path consists of the following:
	'call' operation ('call_ret5_i', test.cpp:141->test.cpp:165) to 'lut_div5_chunk' [31]  (1.46 ns)

 <State 10>: 1.33ns
The critical path consists of the following:
	'call' operation ('call_ret5_i', test.cpp:141->test.cpp:165) to 'lut_div5_chunk' [31]  (1.33 ns)

 <State 11>: 1.46ns
The critical path consists of the following:
	'call' operation ('call_ret6_i', test.cpp:144->test.cpp:165) to 'lut_div5_chunk' [35]  (1.46 ns)

 <State 12>: 1.33ns
The critical path consists of the following:
	'call' operation ('call_ret6_i', test.cpp:144->test.cpp:165) to 'lut_div5_chunk' [35]  (1.33 ns)

 <State 13>: 1.46ns
The critical path consists of the following:
	'call' operation ('call_ret7_i', test.cpp:147->test.cpp:165) to 'lut_div5_chunk' [39]  (1.46 ns)

 <State 14>: 1.33ns
The critical path consists of the following:
	'call' operation ('call_ret7_i', test.cpp:147->test.cpp:165) to 'lut_div5_chunk' [39]  (1.33 ns)

 <State 15>: 1.46ns
The critical path consists of the following:
	'call' operation ('call_ret8_i', test.cpp:150->test.cpp:165) to 'lut_div5_chunk' [43]  (1.46 ns)

 <State 16>: 1.33ns
The critical path consists of the following:
	'call' operation ('call_ret8_i', test.cpp:150->test.cpp:165) to 'lut_div5_chunk' [43]  (1.33 ns)

 <State 17>: 1.46ns
The critical path consists of the following:
	'call' operation ('call_ret9_i', test.cpp:153->test.cpp:165) to 'lut_div5_chunk' [47]  (1.46 ns)

 <State 18>: 1.33ns
The critical path consists of the following:
	'call' operation ('call_ret9_i', test.cpp:153->test.cpp:165) to 'lut_div5_chunk' [47]  (1.33 ns)

 <State 19>: 1.46ns
The critical path consists of the following:
	'call' operation ('call_ret10_i', test.cpp:156->test.cpp:165) to 'lut_div5_chunk' [51]  (1.46 ns)

 <State 20>: 1.33ns
The critical path consists of the following:
	'call' operation ('call_ret10_i', test.cpp:156->test.cpp:165) to 'lut_div5_chunk' [51]  (1.33 ns)

 <State 21>: 1.46ns
The critical path consists of the following:
	'call' operation ('call_ret_i', test.cpp:159->test.cpp:165) to 'lut_div5_chunk' [55]  (1.46 ns)

 <State 22>: 1.33ns
The critical path consists of the following:
	'call' operation ('call_ret_i', test.cpp:159->test.cpp:165) to 'lut_div5_chunk' [55]  (1.33 ns)


============================================================
+ Verbose Summary: Binding
============================================================
N/A
* FSMD analyzer results:
  - Output states:
 - Input state : 
  - Chain level:
	State 1
	State 2
	State 3
	State 4
	State 5
	State 6
	State 7
	State 8
	State 9
	State 10
	State 11
	State 12
	State 13
	State 14
	State 15
	State 16
	State 17
	State 18
	State 19
	State 20
	State 21
	State 22


============================================================
+ Verbose Summary: Datapath Resource usage 
============================================================
N/A
