#-----------------------------------------------------------
# Vivado v2018.2 (64-bit)
# SW Build 2258646 on Thu Jun 14 20:02:38 MDT 2018
# IP Build 2256618 on Thu Jun 14 22:10:49 MDT 2018
# Start of session at: Thu Aug 23 12:52:04 2018
# Process ID: 24760
# Current directory: /home/duazel/Documents/stage3IF/High_Level_Synthesis_Trainee/operator_Vivado/testing_area/test_vivado_int_multiplier/mul11_int_vivado/impl/vhdl/project.runs/synth_1
# Command line: vivado -log mul11.vds -product Vivado -mode batch -messageDb vivado.pb -notrace -source mul11.tcl
# Log file: /home/duazel/Documents/stage3IF/High_Level_Synthesis_Trainee/operator_Vivado/testing_area/test_vivado_int_multiplier/mul11_int_vivado/impl/vhdl/project.runs/synth_1/mul11.vds
# Journal file: /home/duazel/Documents/stage3IF/High_Level_Synthesis_Trainee/operator_Vivado/testing_area/test_vivado_int_multiplier/mul11_int_vivado/impl/vhdl/project.runs/synth_1/vivado.jou
#-----------------------------------------------------------
source mul11.tcl -notrace
