Copyright 1986-2018 Xilinx, Inc. All Rights Reserved.
-------------------------------------------------------------------------------------------------
| Tool Version : Vivado v.2018.2 (lin64) Build 2258646 Thu Jun 14 20:02:38 MDT 2018
| Date         : Fri Aug 31 15:29:15 2018
| Host         : duazel-portable running 64-bit Ubuntu 16.04.5 LTS
| Command      : report_control_sets -verbose -file operator_double_div6_control_sets_placed.rpt
| Design       : operator_double_div6
| Device       : xc7k160t
-------------------------------------------------------------------------------------------------

Control Set Information

Table of Contents
-----------------
1. Summary
2. Histogram
3. Flip-Flop Distribution
4. Detailed Control Set Information

1. Summary
----------

+----------------------------------------------------------+-------+
|                          Status                          | Count |
+----------------------------------------------------------+-------+
| Number of unique control sets                            |    23 |
| Unused register locations in slices containing registers |    22 |
+----------------------------------------------------------+-------+


2. Histogram
------------

+--------+--------------+
| Fanout | Control Sets |
+--------+--------------+
|      8 |           13 |
|     12 |            1 |
|    16+ |            9 |
+--------+--------------+


3. Flip-Flop Distribution
-------------------------

+--------------+-----------------------+------------------------+-----------------+--------------+
| Clock Enable | Synchronous Set/Reset | Asynchronous Set/Reset | Total Registers | Total Slices |
+--------------+-----------------------+------------------------+-----------------+--------------+
| No           | No                    | No                     |              22 |            5 |
| No           | No                    | Yes                    |               0 |            0 |
| No           | Yes                   | No                     |             988 |          131 |
| Yes          | No                    | No                     |             718 |          113 |
| Yes          | No                    | Yes                    |               0 |            0 |
| Yes          | Yes                   | No                     |              26 |            6 |
+--------------+-----------------------+------------------------+-----------------+--------------+


4. Detailed Control Set Information
-----------------------------------

+--------------+------------------------------------------------------------+--------------------+------------------+----------------+
| Clock Signal |                        Enable Signal                       |  Set/Reset Signal  | Slice Load Count | Bel Load Count |
+--------------+------------------------------------------------------------+--------------------+------------------+----------------+
|  ap_clk      | grp_lut_div3_chunk_fu_118/D[24]                            |                    |                1 |              8 |
|  ap_clk      | grp_lut_div3_chunk_fu_118/D[6]                             |                    |                1 |              8 |
|  ap_clk      | grp_lut_div3_chunk_fu_118/D[26]                            |                    |                1 |              8 |
|  ap_clk      | grp_lut_div3_chunk_fu_118/D[22]                            |                    |                2 |              8 |
|  ap_clk      | grp_lut_div3_chunk_fu_118/D[20]                            |                    |                3 |              8 |
|  ap_clk      | grp_lut_div3_chunk_fu_118/D[18]                            |                    |                1 |              8 |
|  ap_clk      | ap_CS_fsm_state10                                          | xf_V_7_reg_675[55] |                2 |              8 |
|  ap_clk      | grp_lut_div3_chunk_fu_118/D[4]                             |                    |                1 |              8 |
|  ap_clk      | grp_lut_div3_chunk_fu_118/D[16]                            |                    |                1 |              8 |
|  ap_clk      | grp_lut_div3_chunk_fu_118/D[10]                            |                    |                1 |              8 |
|  ap_clk      | grp_lut_div3_chunk_fu_118/D[8]                             |                    |                1 |              8 |
|  ap_clk      | grp_lut_div3_chunk_fu_118/D[14]                            |                    |                1 |              8 |
|  ap_clk      | grp_lut_div3_chunk_fu_118/D[12]                            |                    |                2 |              8 |
|  ap_clk      | grp_lut_div3_chunk_fu_118/q3_U/lut_div3_chunk_q3_rom_U/ce0 |                    |                3 |             12 |
|  ap_clk      | ap_CS_fsm_state2                                           | p_1_in[2]          |                4 |             18 |
|  ap_clk      | ap_CS_fsm_state2                                           |                    |                4 |             26 |
|  ap_clk      |                                                            |                    |                7 |             34 |
|  ap_clk      | ap_CS_fsm_state10                                          |                    |               15 |            104 |
|  ap_clk      | r_V_15_reg_6650                                            |                    |               15 |            104 |
|  ap_clk      | ap_CS_fsm_state11                                          |                    |               15 |            112 |
|  ap_clk      | r_V_16_reg_6700                                            |                    |               15 |            112 |
|  ap_clk      | ap_NS_fsm114_out                                           |                    |               30 |            152 |
|  ap_clk      |                                                            | ap_rst             |              131 |            988 |
+--------------+------------------------------------------------------------+--------------------+------------------+----------------+


