

================================================================
== Vivado HLS Report for 'div'
================================================================
* Date:           Fri Aug 31 20:46:30 2018

* Version:        2018.2 (Build 2258646 on Thu Jun 14 20:25:20 MDT 2018)
* Project:        operator_long_div
* Solution:       vivado_hls
* Product family: kintex7
* Target device:  xc7k160tfbg484-1


================================================================
== Performance Estimates
================================================================
+ Timing (ns): 
    * Summary: 
    +--------+-------+----------+------------+
    |  Clock | Target| Estimated| Uncertainty|
    +--------+-------+----------+------------+
    |ap_clk  |   2.50|     2.084|        0.31|
    +--------+-------+----------+------------+

+ Latency (clock cycles): 
    * Summary: 
    +-----+-----+-----+-----+---------+
    |  Latency  |  Interval | Pipeline|
    | min | max | min | max |   Type  |
    +-----+-----+-----+-----+---------+
    |   22|   22|   22|   22|   none  |
    +-----+-----+-----+-----+---------+

    + Detail: 
        * Instance: 
        N/A

        * Loop: 
        N/A



================================================================
== Utilization Estimates
================================================================
* Summary: 
+-----------------+---------+-------+--------+--------+
|       Name      | BRAM_18K| DSP48E|   FF   |   LUT  |
+-----------------+---------+-------+--------+--------+
|DSP              |        -|      -|       -|       -|
|Expression       |        -|      -|       0|     199|
|FIFO             |        -|      -|       -|       -|
|Instance         |        -|     16|    1496|     524|
|Memory           |        -|      -|       -|       -|
|Multiplexer      |        -|      -|       -|     113|
|Register         |        -|      -|     473|       -|
+-----------------+---------+-------+--------+--------+
|Total            |        0|     16|    1969|     836|
+-----------------+---------+-------+--------+--------+
|Available        |      650|    600|  202800|  101400|
+-----------------+---------+-------+--------+--------+
|Utilization (%)  |        0|      2|   ~0   |   ~0   |
+-----------------+---------+-------+--------+--------+

+ Detail: 
    * Instance: 
    +-------------------------+----------------------+---------+-------+-----+-----+
    |         Instance        |        Module        | BRAM_18K| DSP48E|  FF | LUT |
    +-------------------------+----------------------+---------+-------+-----+-----+
    |div_mul_64s_66ns_bkb_U1  |div_mul_64s_66ns_bkb  |        0|     16|  916|  392|
    |div_sub_129ns_129cud_U2  |div_sub_129ns_129cud  |        0|      0|  580|  132|
    +-------------------------+----------------------+---------+-------+-----+-----+
    |Total                    |                      |        0|     16| 1496|  524|
    +-------------------------+----------------------+---------+-------+-----+-----+

    * DSP48: 
    N/A

    * Memory: 
    N/A

    * FIFO: 
    N/A

    * Expression: 
    +-----------------+----------+-------+---+----+------------+------------+
    |  Variable Name  | Operation| DSP48E| FF| LUT| Bitwidth P0| Bitwidth P1|
    +-----------------+----------+-------+---+----+------------+------------+
    |neg_ti_fu_88_p2  |     -    |      0|  0|  71|           1|          64|
    |ap_return        |  select  |      0|  0|  64|           1|          64|
    |tmp_3_fu_81_p3   |  select  |      0|  0|  64|           1|          64|
    +-----------------+----------+-------+---+----+------------+------------+
    |Total            |          |      0|  0| 199|           3|         192|
    +-----------------+----------+-------+---+----+------------+------------+

    * Multiplexer: 
    +-----------+-----+-----------+-----+-----------+
    |    Name   | LUT | Input Size| Bits| Total Bits|
    +-----------+-----+-----------+-----+-----------+
    |ap_NS_fsm  |  113|         24|    1|         24|
    +-----------+-----+-----------+-----+-----------+
    |Total      |  113|         24|    1|         24|
    +-----------+-----+-----------+-----+-----------+

    * Register: 
    +-----------------+-----+----+-----+-----------+
    |       Name      |  FF | LUT| Bits| Const Bits|
    +-----------------+-----+----+-----+-----------+
    |ap_CS_fsm        |   23|   0|   23|          0|
    |mul_reg_110      |  129|   0|  129|          0|
    |neg_mul_reg_120  |  129|   0|  129|          0|
    |neg_ti_reg_130   |   64|   0|   64|          0|
    |tmp_2_reg_125    |   64|   0|   64|          0|
    |tmp_4_reg_104    |    1|   0|    1|          0|
    |tmp_6_reg_115    |   63|   0|   63|          0|
    +-----------------+-----+----+-----+-----------+
    |Total            |  473|   0|  473|          0|
    +-----------------+-----+----+-----+-----------+



================================================================
== Interface
================================================================
* Summary: 
+-----------+-----+-----+------------+--------------+--------------+
| RTL Ports | Dir | Bits|  Protocol  | Source Object|    C Type    |
+-----------+-----+-----+------------+--------------+--------------+
|ap_clk     |  in |    1| ap_ctrl_hs |      div     | return value |
|ap_rst     |  in |    1| ap_ctrl_hs |      div     | return value |
|ap_start   |  in |    1| ap_ctrl_hs |      div     | return value |
|ap_done    | out |    1| ap_ctrl_hs |      div     | return value |
|ap_idle    | out |    1| ap_ctrl_hs |      div     | return value |
|ap_ready   | out |    1| ap_ctrl_hs |      div     | return value |
|ap_return  | out |   64| ap_ctrl_hs |      div     | return value |
|a          |  in |   64|   ap_none  |       a      |    scalar    |
+-----------+-----+-----+------------+--------------+--------------+

