#-----------------------------------------------------------
# Vivado v2018.2 (64-bit)
# SW Build 2258646 on Thu Jun 14 20:02:38 MDT 2018
# IP Build 2256618 on Thu Jun 14 22:10:49 MDT 2018
# Start of session at: Fri Aug 31 16:49:41 2018
# Process ID: 4590
# Current directory: /home/duazel/Documents/stage3IF/High_Level_Synthesis_Trainee/operator_Vivado/testing_area/operator_long_div/div3/impl/vhdl/project.runs/synth_1
# Command line: vivado -log operator_long_div3.vds -product Vivado -mode batch -messageDb vivado.pb -notrace -source operator_long_div3.tcl
# Log file: /home/duazel/Documents/stage3IF/High_Level_Synthesis_Trainee/operator_Vivado/testing_area/operator_long_div/div3/impl/vhdl/project.runs/synth_1/operator_long_div3.vds
# Journal file: /home/duazel/Documents/stage3IF/High_Level_Synthesis_Trainee/operator_Vivado/testing_area/operator_long_div/div3/impl/vhdl/project.runs/synth_1/vivado.jou
#-----------------------------------------------------------
source operator_long_div3.tcl -notrace
